Archive member included to satisfy reference by file (symbol)

/Applications/MCUXpressoIDE_11.1.0_3209/ide/plugins/com.nxp.mcuxpresso.tools.macosx_11.1.0.201909161352/tools/bin/../lib/gcc/arm-none-eabi/8.3.1/../../../../arm-none-eabi/lib/thumb/v7e-m+fp/hard/libcr_semihost_nf.a(_cr__main.o)
                              ./startup/startup_mk64f12.o (__main)
/Applications/MCUXpressoIDE_11.1.0_3209/ide/plugins/com.nxp.mcuxpresso.tools.macosx_11.1.0.201909161352/tools/bin/../lib/gcc/arm-none-eabi/8.3.1/../../../../arm-none-eabi/lib/thumb/v7e-m+fp/hard/libcr_semihost_nf.a(_cr_assert.o)
                              ./utilities/fsl_debug_console.o (__assertion_failed)
/Applications/MCUXpressoIDE_11.1.0_3209/ide/plugins/com.nxp.mcuxpresso.tools.macosx_11.1.0.201909161352/tools/bin/../lib/gcc/arm-none-eabi/8.3.1/../../../../arm-none-eabi/lib/thumb/v7e-m+fp/hard/libcr_semihost_nf.a(__ciob.o)
                              /Applications/MCUXpressoIDE_11.1.0_3209/ide/plugins/com.nxp.mcuxpresso.tools.macosx_11.1.0.201909161352/tools/bin/../lib/gcc/arm-none-eabi/8.3.1/../../../../arm-none-eabi/lib/thumb/v7e-m+fp/hard/libcr_semihost_nf.a(_cr_assert.o) (__Ciob)
/Applications/MCUXpressoIDE_11.1.0_3209/ide/plugins/com.nxp.mcuxpresso.tools.macosx_11.1.0.201909161352/tools/bin/../lib/gcc/arm-none-eabi/8.3.1/../../../../arm-none-eabi/lib/thumb/v7e-m+fp/hard/libcr_semihost_nf.a(__sys_appexit.o)
                              /Applications/MCUXpressoIDE_11.1.0_3209/ide/plugins/com.nxp.mcuxpresso.tools.macosx_11.1.0.201909161352/tools/bin/../lib/gcc/arm-none-eabi/8.3.1/../../../../arm-none-eabi/lib/thumb/v7e-m+fp/hard/libcr_semihost_nf.a(_cr_assert.o) (__sys_appexit)
/Applications/MCUXpressoIDE_11.1.0_3209/ide/plugins/com.nxp.mcuxpresso.tools.macosx_11.1.0.201909161352/tools/bin/../lib/gcc/arm-none-eabi/8.3.1/../../../../arm-none-eabi/lib/thumb/v7e-m+fp/hard/libcr_c.a(memset.o)
                              ./drivers/fsl_adc16.o (memset)
/Applications/MCUXpressoIDE_11.1.0_3209/ide/plugins/com.nxp.mcuxpresso.tools.macosx_11.1.0.201909161352/tools/bin/../lib/gcc/arm-none-eabi/8.3.1/../../../../arm-none-eabi/lib/thumb/v7e-m+fp/hard/libcr_c.a(_deferredlazyseek.o)
                              /Applications/MCUXpressoIDE_11.1.0_3209/ide/plugins/com.nxp.mcuxpresso.tools.macosx_11.1.0.201909161352/tools/bin/../lib/gcc/arm-none-eabi/8.3.1/../../../../arm-none-eabi/lib/thumb/v7e-m+fp/hard/libcr_semihost_nf.a(_cr_assert.o) (__flsbuf)
/Applications/MCUXpressoIDE_11.1.0_3209/ide/plugins/com.nxp.mcuxpresso.tools.macosx_11.1.0.201909161352/tools/bin/../lib/gcc/arm-none-eabi/8.3.1/../../../../arm-none-eabi/lib/thumb/v7e-m+fp/hard/libcr_c.a(_fflush.o)
                              /Applications/MCUXpressoIDE_11.1.0_3209/ide/plugins/com.nxp.mcuxpresso.tools.macosx_11.1.0.201909161352/tools/bin/../lib/gcc/arm-none-eabi/8.3.1/../../../../arm-none-eabi/lib/thumb/v7e-m+fp/hard/libcr_c.a(_deferredlazyseek.o) (_fflush)
/Applications/MCUXpressoIDE_11.1.0_3209/ide/plugins/com.nxp.mcuxpresso.tools.macosx_11.1.0.201909161352/tools/bin/../lib/gcc/arm-none-eabi/8.3.1/../../../../arm-none-eabi/lib/thumb/v7e-m+fp/hard/libcr_c.a(_writebuf.o)
                              /Applications/MCUXpressoIDE_11.1.0_3209/ide/plugins/com.nxp.mcuxpresso.tools.macosx_11.1.0.201909161352/tools/bin/../lib/gcc/arm-none-eabi/8.3.1/../../../../arm-none-eabi/lib/thumb/v7e-m+fp/hard/libcr_c.a(_deferredlazyseek.o) (_Cwritebuf)
/Applications/MCUXpressoIDE_11.1.0_3209/ide/plugins/com.nxp.mcuxpresso.tools.macosx_11.1.0.201909161352/tools/bin/../lib/gcc/arm-none-eabi/8.3.1/../../../../arm-none-eabi/lib/thumb/v7e-m+fp/hard/libcr_c.a(alloc.o)
                              ./drivers/fsl_common.o (malloc)
/Applications/MCUXpressoIDE_11.1.0_3209/ide/plugins/com.nxp.mcuxpresso.tools.macosx_11.1.0.201909161352/tools/bin/../lib/gcc/arm-none-eabi/8.3.1/../../../../arm-none-eabi/lib/thumb/v7e-m+fp/hard/libcr_c.a(fputs.o)
                              /Applications/MCUXpressoIDE_11.1.0_3209/ide/plugins/com.nxp.mcuxpresso.tools.macosx_11.1.0.201909161352/tools/bin/../lib/gcc/arm-none-eabi/8.3.1/../../../../arm-none-eabi/lib/thumb/v7e-m+fp/hard/libcr_semihost_nf.a(_cr_assert.o) (fputs)
/Applications/MCUXpressoIDE_11.1.0_3209/ide/plugins/com.nxp.mcuxpresso.tools.macosx_11.1.0.201909161352/tools/bin/../lib/gcc/arm-none-eabi/8.3.1/../../../../arm-none-eabi/lib/thumb/v7e-m+fp/hard/libcr_c.a(fseek.o)
                              /Applications/MCUXpressoIDE_11.1.0_3209/ide/plugins/com.nxp.mcuxpresso.tools.macosx_11.1.0.201909161352/tools/bin/../lib/gcc/arm-none-eabi/8.3.1/../../../../arm-none-eabi/lib/thumb/v7e-m+fp/hard/libcr_c.a(_deferredlazyseek.o) (fseek)
/Applications/MCUXpressoIDE_11.1.0_3209/ide/plugins/com.nxp.mcuxpresso.tools.macosx_11.1.0.201909161352/tools/bin/../lib/gcc/arm-none-eabi/8.3.1/../../../../arm-none-eabi/lib/thumb/v7e-m+fp/hard/libcr_c.a(ftell.o)
[...]
Memory Configuration

Name             Origin             Length             Attributes
PROGRAM_FLASH    0x0000000000000000 0x0000000000100000 xr
SRAM_UPPER       0x0000000020000000 0x0000000000030000 xrw
SRAM_LOWER       0x000000001fff0000 0x0000000000010000 xrw
FLEX_RAM         0x0000000014000000 0x0000000000001000 xrw
*default*        0x0000000000000000 0xffffffffffffffff

Linker script and memory map

LOAD ./utilities/fsl_debug_console.o
LOAD ./utilities/fsl_str.o
LOAD ./startup/startup_mk64f12.o
LOAD ./source/Output_Toggle_Match.o
LOAD ./source/semihost_hardfault.o
LOAD ./drivers/fsl_adc16.o
LOAD ./drivers/fsl_clock.o
LOAD ./drivers/fsl_common.o
LOAD ./drivers/fsl_dspi.o
LOAD ./drivers/fsl_gpio.o
LOAD ./drivers/fsl_i2c.o
LOAD ./drivers/fsl_rtc.o
LOAD ./drivers/fsl_smc.o
LOAD ./drivers/fsl_uart.o
LOAD ./device/system_MK64F12.o
LOAD ./component/uart/uart_adapter.o
LOAD ./component/serial_manager/serial_manager.o
LOAD ./component/serial_manager/serial_port_uart.o
LOAD ./component/lists/generic_list.o
LOAD ./board/board.o
LOAD ./board/clock_config.o
LOAD ./board/peripherals.o
LOAD ./board/pin_mux.o
START GROUP
LOAD /Applications/MCUXpressoIDE_11.1.0_3209/ide/plugins/com.nxp.mcuxpresso.tools.macosx_11.1.0.201909161352/tools/bin/../lib/gcc/arm-none-eabi/8.3.1/../../../../arm-none-eabi/lib/thumb/v7e-m+fp/hard/libcr_semihost_nf.a
LOAD /Applications/MCUXpressoIDE_11.1.0_3209/ide/plugins/com.nxp.mcuxpresso.tools.macosx_11.1.0.201909161352/tools/bin/../lib/gcc/arm-none-eabi/8.3.1/../../../../arm-none-eabi/lib/thumb/v7e-m+fp/hard/libcr_c.a
LOAD /Applications/MCUXpressoIDE_11.1.0_3209/ide/plugins/com.nxp.mcuxpresso.tools.macosx_11.1.0.201909161352/tools/bin/../lib/gcc/arm-none-eabi/8.3.1/thumb/v7e-m+fp/hard/libcr_eabihelpers.a
LOAD /Applications/MCUXpressoIDE_11.1.0_3209/ide/plugins/com.nxp.mcuxpresso.tools.macosx_11.1.0.201909161352/tools/bin/../lib/gcc/arm-none-eabi/8.3.1/thumb/v7e-m+fp/hard/libgcc.a
END GROUP
                0x0000000000000000                __base_PROGRAM_FLASH = 0x0
                0x0000000000000000                __base_Flash = 0x0
                0x0000000000100000                __top_PROGRAM_FLASH = 0x100000
                0x0000000000100000                __top_Flash = 0x100000
                0x0000000020000000                __base_SRAM_UPPER = 0x20000000
                0x0000000020000000                __base_RAM = 0x20000000
                0x0000000020030000                __top_SRAM_UPPER = 0x20030000
                0x0000000020030000                __top_RAM = 0x20030000
                0x000000001fff0000                __base_SRAM_LOWER = 0x1fff0000
                0x000000001fff0000                __base_RAM2 = 0x1fff0000
                0x0000000020000000                __top_SRAM_LOWER = 0x20000000
                0x0000000020000000                __top_RAM2 = 0x20000000
                0x0000000014000000                __base_FLEX_RAM = 0x14000000
                0x0000000014000000                __base_RAM3 = 0x14000000
                0x0000000014001000                __top_FLEX_RAM = 0x14001000
                0x0000000014001000                __top_RAM3 = 0x14001000

.text           0x0000000000000000     0x2f40
 FILL mask 0xff
                0x0000000000000000                __vectors_start__ = ABSOLUTE (.)
 *(SORT_BY_ALIGNMENT(.isr_vector))
 .isr_vector    0x0000000000000000      0x198 ./startup/startup_mk64f12.o
                0x0000000000000000                __Vectors
                0x0000000000000000                g_pfnVectors
                0x0000000000000198                . = ALIGN (0x4)
                0x0000000000000198                __section_table_start = .
                0x0000000000000198                __data_section_table = .
                0x0000000000000198        0x4 LONG 0x2f40 LOADADDR (.data)
                0x000000000000019c        0x4 LONG 0x20000000 ADDR (.data)
                0x00000000000001a0        0x4 LONG 0x10 SIZEOF (.data)
                0x00000000000001a4        0x4 LONG 0x2f40 LOADADDR (.data_RAM2)
                0x00000000000001a8        0x4 LONG 0x1fff0000 ADDR (.data_RAM2)
                0x00000000000001ac        0x4 LONG 0x0 SIZEOF (.data_RAM2)
                0x00000000000001b0        0x4 LONG 0x2f40 LOADADDR (.data_RAM3)
                0x00000000000001b4        0x4 LONG 0x14000000 ADDR (.data_RAM3)
                0x00000000000001b8        0x4 LONG 0x0 SIZEOF (.data_RAM3)
                0x00000000000001bc                __data_section_table_end = .
                0x00000000000001bc                __bss_section_table = .
                0x00000000000001bc        0x4 LONG 0x20000010 ADDR (.bss)
                0x00000000000001c0        0x4 LONG 0x110 SIZEOF (.bss)
                0x00000000000001c4        0x4 LONG 0x1fff0000 ADDR (.bss_RAM2)
                0x00000000000001c8        0x4 LONG 0x0 SIZEOF (.bss_RAM2)
                0x00000000000001cc        0x4 LONG 0x14000000 ADDR (.bss_RAM3)
                0x00000000000001d0        0x4 LONG 0x0 SIZEOF (.bss_RAM3)
                0x00000000000001d4                __bss_section_table_end = .
                0x00000000000001d4                __section_table_end = .
 *(SORT_BY_ALIGNMENT(.after_vectors*))
 .after_vectors.reset
                0x00000000000001d4       0x4c ./startup/startup_mk64f12.o
                0x00000000000001d4                ResetISR
 .after_vectors.init_data
                0x0000000000000220       0x1e ./startup/startup_mk64f12.o
                0x0000000000000220                data_init
 .after_vectors.init_bss
                0x000000000000023e       0x12 ./startup/startup_mk64f12.o
                0x000000000000023e                bss_init
 .after_vectors
                0x0000000000000250       0x14 ./startup/startup_mk64f12.o
                0x0000000000000250                NMI_Handler
                0x0000000000000254                MemManage_Handler
                0x0000000000000256                BusFault_Handler
                0x0000000000000258                UsageFault_Handler
                0x000000000000025a                SVC_Handler
                0x000000000000025c                DebugMon_Handler
                0x000000000000025e                PendSV_Handler
                0x0000000000000260                SysTick_Handler
                0x0000000000000262                PIT2_DriverIRQHandler
                0x0000000000000262                SDHC_DriverIRQHandler
                0x0000000000000262                I2S0_Tx_DriverIRQHandler
                0x0000000000000262                RTC_Seconds_DriverIRQHandler
                0x0000000000000262                DMA6_DriverIRQHandler
                0x0000000000000262                LLWU_DriverIRQHandler
                0x0000000000000262                MCM_DriverIRQHandler
                0x0000000000000262                MCG_DriverIRQHandler
                0x0000000000000262                ENET_1588_Timer_DriverIRQHandler
                0x0000000000000262                DAC1_DriverIRQHandler
                0x0000000000000262                CMP1_DriverIRQHandler
                0x0000000000000262                FTM0_DriverIRQHandler
                0x0000000000000262                IntDefaultHandler
                0x0000000000000262                USB0_DriverIRQHandler
                0x0000000000000262                UART5_ERR_DriverIRQHandler
                0x0000000000000262                PORTC_DriverIRQHandler
                0x0000000000000262                DMA11_DriverIRQHandler
                0x0000000000000262                DAC0_DriverIRQHandler
                0x0000000000000262                DMA10_DriverIRQHandler
                0x0000000000000262                CMP2_DriverIRQHandler
                0x0000000000000262                UART2_ERR_DriverIRQHandler
                0x0000000000000262                LVD_LVW_DriverIRQHandler
                0x0000000000000262                PIT0_DriverIRQHandler
                0x0000000000000262                RNG_DriverIRQHandler
                0x0000000000000262                DMA5_DriverIRQHandler
                0x0000000000000262                DMA4_DriverIRQHandler
                0x0000000000000262                USBDCD_DriverIRQHandler
                0x0000000000000262                UART3_ERR_DriverIRQHandler
                0x0000000000000262                DMA3_DriverIRQHandler
                0x0000000000000262                DMA8_DriverIRQHandler
                0x0000000000000262                DMA9_DriverIRQHandler
                0x0000000000000262                UART0_ERR_DriverIRQHandler
                0x0000000000000262                CMT_DriverIRQHandler
                0x0000000000000262                Reserved71_DriverIRQHandler
                0x0000000000000262                ADC1_DriverIRQHandler
                0x0000000000000262                PORTA_DriverIRQHandler
                0x0000000000000262                DMA14_DriverIRQHandler
                0x0000000000000262                PIT3_DriverIRQHandler
                0x0000000000000262                PIT1_DriverIRQHandler
                0x0000000000000262                WDOG_EWM_DriverIRQHandler
                0x0000000000000262                PDB0_DriverIRQHandler
                0x0000000000000262                RTC_DriverIRQHandler
                0x0000000000000262                I2S0_Rx_DriverIRQHandler
                0x0000000000000262                Read_Collision_DriverIRQHandler
                0x0000000000000262                SWI_DriverIRQHandler
                0x0000000000000262                UART4_ERR_DriverIRQHandler
                0x0000000000000262                UART0_LON_DriverIRQHandler
                0x0000000000000262                DMA1_DriverIRQHandler
                0x0000000000000262                ENET_Receive_DriverIRQHandler
                0x0000000000000262                DMA13_DriverIRQHandler
                0x0000000000000262                ENET_Error_DriverIRQHandler
                0x0000000000000262                DMA15_DriverIRQHandler
                0x0000000000000262                ADC0_DriverIRQHandler
                0x0000000000000262                CMP0_DriverIRQHandler
                0x0000000000000262                CAN0_DriverIRQHandler
                0x0000000000000262                FTM3_DriverIRQHandler
                0x0000000000000262                UART1_ERR_DriverIRQHandler
                0x0000000000000262                DMA2_DriverIRQHandler
                0x0000000000000262                ENET_Transmit_DriverIRQHandler
                0x0000000000000262                PORTD_DriverIRQHandler
                0x0000000000000262                PORTE_DriverIRQHandler
                0x0000000000000262                FTFE_DriverIRQHandler
                0x0000000000000262                DMA7_DriverIRQHandler
                0x0000000000000262                DMA0_DriverIRQHandler
                0x0000000000000262                PORTB_DriverIRQHandler
                0x0000000000000262                DMA12_DriverIRQHandler
                0x0000000000000262                LPTMR0_DriverIRQHandler
                0x0000000000000262                DMA_Error_DriverIRQHandler
                0x0000000000000262                FTM1_DriverIRQHandler
                0x0000000000000262                FTM2_DriverIRQHandler
                0x0000000000000400                . = 0x400
 *fill*         0x0000000000000264      0x19c ff
                0x0000000000000400                PROVIDE (__FLASH_CONFIG_START__ = .)
 *(SORT_BY_ALIGNMENT(.FlashConfig))
 .FlashConfig   0x0000000000000400       0x10 ./startup/startup_mk64f12.o
                0x0000000000000400                Flash_Config
                0x0000000000000410                PROVIDE (__FLASH_CONFIG_END__ = .)
                0x0000000000000001                ASSERT (! ((__FLASH_CONFIG_START__ == __FLASH_CONFIG_END__)), Linker Flash Config Support Enabled, but no .FlashConfig section provided within application)
 *(SORT_BY_ALIGNMENT(.text*))
 .text.main     0x0000000000000410       0x30 ./source/Output_Toggle_Match.o
                0x0000000000000410                main
 .text.CLOCK_SetEr32kClock
                0x0000000000000440       0x30 ./drivers/fsl_clock.o
 .text.CLOCK_SetPllFllSelClock
                0x0000000000000470       0x3c ./drivers/fsl_clock.o
 .text.CLOCK_GetMcgExtClkFreq
                0x00000000000004ac       0x78 ./drivers/fsl_clock.o
 .text.CLOCK_GetFllExtRefClkFreq
                0x0000000000000524       0xc4 ./drivers/fsl_clock.o
 .text.CLOCK_GetInternalRefClkSelectFreq
                0x00000000000005e8       0x4c ./drivers/fsl_clock.o
 .text.CLOCK_GetFllRefClkFreq
                0x0000000000000634       0x34 ./drivers/fsl_clock.o
 .text.CLOCK_GetOscRangeFromFreq
                0x0000000000000668       0x3c ./drivers/fsl_clock.o
 .text.CLOCK_GetCoreSysClkFreq
                0x00000000000006a4       0x28 ./drivers/fsl_clock.o
                0x00000000000006a4                CLOCK_GetCoreSysClkFreq
 .text.CLOCK_SetSimConfig
                0x00000000000006cc       0x38 ./drivers/fsl_clock.o
                0x00000000000006cc                CLOCK_SetSimConfig
 .text.CLOCK_EnableUsbfs0Clock
                0x0000000000000704      0x108 ./drivers/fsl_clock.o
                0x0000000000000704                CLOCK_EnableUsbfs0Clock
 .text.CLOCK_GetOutClkFreq
                0x000000000000080c       0x64 ./drivers/fsl_clock.o
                0x000000000000080c                CLOCK_GetOutClkFreq
 .text.CLOCK_GetFllFreq
                0x0000000000000870       0x84 ./drivers/fsl_clock.o
                0x0000000000000870                CLOCK_GetFllFreq
 .text.CLOCK_GetPll0Freq
                0x00000000000008f4       0x78 ./drivers/fsl_clock.o
                0x00000000000008f4                CLOCK_GetPll0Freq
 .text.CLOCK_SetExternalRefClkConfig
                0x000000000000096c       0x6c ./drivers/fsl_clock.o
                0x000000000000096c                CLOCK_SetExternalRefClkConfig
 .text.CLOCK_SetInternalRefClkConfig
                0x00000000000009d8      0x104 ./drivers/fsl_clock.o
                0x00000000000009d8                CLOCK_SetInternalRefClkConfig
 .text.CLOCK_EnablePll0
                0x0000000000000adc       0x84 ./drivers/fsl_clock.o
                0x0000000000000adc                CLOCK_EnablePll0
 .text.CLOCK_InitOsc0
                0x0000000000000b60       0x8c ./drivers/fsl_clock.o
                0x0000000000000b60                CLOCK_InitOsc0
 .text.CLOCK_SetPbeMode
                0x0000000000000bec       0xa8 ./drivers/fsl_clock.o
                0x0000000000000bec                CLOCK_SetPbeMode
 .text.CLOCK_BootToPeeMode
                0x0000000000000c94       0x64 ./drivers/fsl_clock.o
                0x0000000000000c94                CLOCK_BootToPeeMode
 .text.DSPI_CommonIRQHandler
                0x0000000000000cf8       0x40 ./drivers/fsl_dspi.o
 .text.SPI0_DriverIRQHandler
                0x0000000000000d38       0x30 ./drivers/fsl_dspi.o
                0x0000000000000d38                SPI0_DriverIRQHandler
 .text.SPI1_DriverIRQHandler
                0x0000000000000d68       0x30 ./drivers/fsl_dspi.o
                0x0000000000000d68                SPI1_DriverIRQHandler
 .text.SPI2_DriverIRQHandler
                0x0000000000000d98       0x30 ./drivers/fsl_dspi.o
                0x0000000000000d98                SPI2_DriverIRQHandler
 .text.I2C_TransferCommonIRQHandler
                0x0000000000000dc8       0x54 ./drivers/fsl_i2c.o
 .text.I2C0_DriverIRQHandler
                0x0000000000000e1c       0x1c ./drivers/fsl_i2c.o
                0x0000000000000e1c                I2C0_DriverIRQHandler
 .text.I2C1_DriverIRQHandler
                0x0000000000000e38       0x1c ./drivers/fsl_i2c.o
                0x0000000000000e38                I2C1_DriverIRQHandler
 .text.I2C2_DriverIRQHandler
                0x0000000000000e54       0x1c ./drivers/fsl_i2c.o
                0x0000000000000e54                I2C2_DriverIRQHandler
 .text.UART0_DriverIRQHandler
                0x0000000000000e70       0x28 ./drivers/fsl_uart.o
                0x0000000000000e70                UART0_DriverIRQHandler
 .text.UART1_DriverIRQHandler
                0x0000000000000e98       0x28 ./drivers/fsl_uart.o
                0x0000000000000e98                UART1_DriverIRQHandler
 .text.UART2_DriverIRQHandler
                0x0000000000000ec0       0x28 ./drivers/fsl_uart.o
                0x0000000000000ec0                UART2_DriverIRQHandler
 .text.UART3_DriverIRQHandler
                0x0000000000000ee8       0x28 ./drivers/fsl_uart.o
                0x0000000000000ee8                UART3_DriverIRQHandler
 .text.UART4_DriverIRQHandler
                0x0000000000000f10       0x28 ./drivers/fsl_uart.o
                0x0000000000000f10                UART4_DriverIRQHandler
 .text.UART5_DriverIRQHandler
                0x0000000000000f38       0x28 ./drivers/fsl_uart.o
                0x0000000000000f38                UART5_DriverIRQHandler
 .text.SystemInit
                0x0000000000000f60       0x3c ./device/system_MK64F12.o
                0x0000000000000f60                SystemInit
 .text.CLOCK_SetSdhc0Clock
                0x0000000000000f9c       0x3c ./board/clock_config.o
 .text.CLOCK_SetEnetTime0Clock
                0x0000000000000fd8       0x3c ./board/clock_config.o
 .text.CLOCK_SetRmii0Clock
                0x0000000000001014       0x3c ./board/clock_config.o
 .text.CLOCK_SetTraceClock
                0x0000000000001050       0x3c ./board/clock_config.o
 .text.CLOCK_SetClkOutClock
                0x000000000000108c       0x38 ./board/clock_config.o
 .text.CLOCK_SetSimSafeDivs
                0x00000000000010c4       0x20 ./board/clock_config.o
 .text.CLOCK_SetXtal0Freq
                0x00000000000010e4       0x20 ./board/clock_config.o
 .text.CLOCK_CONFIG_SetFllExtRefDiv
                0x0000000000001104       0x3c ./board/clock_config.o
 .text.BOARD_BootClockRUN
                0x0000000000001140       0x88 ./board/clock_config.o
                0x0000000000001140                BOARD_BootClockRUN
 .text.PORT_SetPinConfig
                0x00000000000011c8       0x38 ./board/pin_mux.o
 .text.BOARD_InitPins
                0x0000000000001200       0x30 ./board/pin_mux.o
                0x0000000000001200                BOARD_InitPins
 .text.BOARD_InitDEBUG_UARTPins
                0x0000000000001230       0x6c ./board/pin_mux.o
                0x0000000000001230                BOARD_InitDEBUG_UARTPins
 .text.__assertion_failed
                0x000000000000129c       0x4c /Applications/MCUXpressoIDE_11.1.0_3209/ide/plugins/com.nxp.mcuxpresso.tools.macosx_11.1.0.201909161352/tools/bin/../lib/gcc/arm-none-eabi/8.3.1/../../../../arm-none-eabi/lib/thumb/v7e-m+fp/hard/libcr_semihost_nf.a(_cr_assert.o)
                0x000000000000129c                __assertion_failed
 .text.__sys_appexit
                0x00000000000012e8        0xc /Applications/MCUXpressoIDE_11.1.0_3209/ide/plugins/com.nxp.mcuxpresso.tools.macosx_11.1.0.201909161352/tools/bin/../lib/gcc/arm-none-eabi/8.3.1/../../../../arm-none-eabi/lib/thumb/v7e-m+fp/hard/libcr_semihost_nf.a(__sys_appexit.o)
                0x00000000000012e8                __exit
                0x00000000000012e8                __sys_appexit
 .text._Cwritebuf
                0x00000000000012f4       0x6c /Applications/MCUXpressoIDE_11.1.0_3209/ide/plugins/com.nxp.mcuxpresso.tools.macosx_11.1.0.201909161352/tools/bin/../lib/gcc/arm-none-eabi/8.3.1/../../../../arm-none-eabi/lib/thumb/v7e-m+fp/hard/libcr_c.a(_writebuf.o)
                0x00000000000012f4                _Cwritebuf
 .text.malloc   0x0000000000001360       0xc8 /Applications/MCUXpressoIDE_11.1.0_3209/ide/plugins/com.nxp.mcuxpresso.tools.macosx_11.1.0.201909161352/tools/bin/../lib/gcc/arm-none-eabi/8.3.1/../../../../arm-none-eabi/lib/thumb/v7e-m+fp/hard/libcr_c.a(alloc.o)
                0x0000000000001360                malloc
 .text._Csys_alloc
                0x0000000000001428       0x20 /Applications/MCUXpressoIDE_11.1.0_3209/ide/plugins/com.nxp.mcuxpresso.tools.macosx_11.1.0.201909161352/tools/bin/../lib/gcc/arm-none-eabi/8.3.1/../../../../arm-none-eabi/lib/thumb/v7e-m+fp/hard/libcr_c.a(alloc.o)
                0x0000000000001428                _Csys_alloc
 .text.fseek    0x0000000000001448      0x100 /Applications/MCUXpressoIDE_11.1.0_3209/ide/plugins/com.nxp.mcuxpresso.tools.macosx_11.1.0.201909161352/tools/bin/../lib/gcc/arm-none-eabi/8.3.1/../../../../arm-none-eabi/lib/thumb/v7e-m+fp/hard/libcr_c.a(fseek.o)
                0x0000000000001448                fseek
 .text.ftell    0x0000000000001548       0x48 /Applications/MCUXpressoIDE_11.1.0_3209/ide/plugins/com.nxp.mcuxpresso.tools.macosx_11.1.0.201909161352/tools/bin/../lib/gcc/arm-none-eabi/8.3.1/../../../../arm-none-eabi/lib/thumb/v7e-m+fp/hard/libcr_c.a(ftell.o)
                0x0000000000001548                ftell
 .text._initio  0x0000000000001590       0x78 /Applications/MCUXpressoIDE_11.1.0_3209/ide/plugins/com.nxp.mcuxpresso.tools.macosx_11.1.0.201909161352/tools/bin/../lib/gcc/arm-none-eabi/8.3.1/../../../../arm-none-eabi/lib/thumb/v7e-m+fp/hard/libcr_c.a(initio.o)
                0x0000000000001590                _initio
 .text.__vfprintf
                0x0000000000001608      0xbe0 /Applications/MCUXpressoIDE_11.1.0_3209/ide/plugins/com.nxp.mcuxpresso.tools.macosx_11.1.0.201909161352/tools/bin/../lib/gcc/arm-none-eabi/8.3.1/../../../../arm-none-eabi/lib/thumb/v7e-m+fp/hard/libcr_c.a(printf.o)
                0x0000000000001608                __vfprintf
 .text._vsnprintf
                0x00000000000021e8       0x68 /Applications/MCUXpressoIDE_11.1.0_3209/ide/plugins/com.nxp.mcuxpresso.tools.macosx_11.1.0.201909161352/tools/bin/../lib/gcc/arm-none-eabi/8.3.1/../../../../arm-none-eabi/lib/thumb/v7e-m+fp/hard/libcr_c.a(printf.o)
                0x00000000000021e8                _vsnprintf
 .text._printf  0x0000000000002250       0x54 /Applications/MCUXpressoIDE_11.1.0_3209/ide/plugins/com.nxp.mcuxpresso.tools.macosx_11.1.0.201909161352/tools/bin/../lib/gcc/arm-none-eabi/8.3.1/../../../../arm-none-eabi/lib/thumb/v7e-m+fp/hard/libcr_c.a(printf.o)
                0x0000000000002250                _printf
 .text.setvbuf  0x00000000000022a4       0x40 /Applications/MCUXpressoIDE_11.1.0_3209/ide/plugins/com.nxp.mcuxpresso.tools.macosx_11.1.0.201909161352/tools/bin/../lib/gcc/arm-none-eabi/8.3.1/../../../../arm-none-eabi/lib/thumb/v7e-m+fp/hard/libcr_c.a(setvbuf.o)
                0x00000000000022a4                setvbuf
 .text._sbrk    0x00000000000022e4       0x3c /Applications/MCUXpressoIDE_11.1.0_3209/ide/plugins/com.nxp.mcuxpresso.tools.macosx_11.1.0.201909161352/tools/bin/../lib/gcc/arm-none-eabi/8.3.1/../../../../arm-none-eabi/lib/thumb/v7e-m+fp/hard/libcr_c.a(_cr_sbrk.o)
                0x00000000000022e4                _sbrk
 .text.fflush   0x0000000000002320       0x44 /Applications/MCUXpressoIDE_11.1.0_3209/ide/plugins/com.nxp.mcuxpresso.tools.macosx_11.1.0.201909161352/tools/bin/../lib/gcc/arm-none-eabi/8.3.1/../../../../arm-none-eabi/lib/thumb/v7e-m+fp/hard/libcr_c.a(fflush.o)
                0x0000000000002320                fflush
 .text.__check_heap_overflow
                0x0000000000002364       0x18 /Applications/MCUXpressoIDE_11.1.0_3209/ide/plugins/com.nxp.mcuxpresso.tools.macosx_11.1.0.201909161352/tools/bin/../lib/gcc/arm-none-eabi/8.3.1/../../../../arm-none-eabi/lib/thumb/v7e-m+fp/hard/libcr_c.a(_cr_check_heap.o)
                0x0000000000002364                __check_heap_overflow
 .text.DMA0_IRQHandler
                0x000000000000237c        0x8 ./startup/startup_mk64f12.o
                0x000000000000237c                DMA0_IRQHandler
 .text.DMA1_IRQHandler
                0x0000000000002384        0x8 ./startup/startup_mk64f12.o
                0x0000000000002384                DMA1_IRQHandler
 .text.DMA2_IRQHandler
                0x000000000000238c        0x8 ./startup/startup_mk64f12.o
                0x000000000000238c                DMA2_IRQHandler
 .text.DMA3_IRQHandler
                0x0000000000002394        0x8 ./startup/startup_mk64f12.o
                0x0000000000002394                DMA3_IRQHandler
 .text.DMA4_IRQHandler
                0x000000000000239c        0x8 ./startup/startup_mk64f12.o
                0x000000000000239c                DMA4_IRQHandler
 .text.DMA5_IRQHandler
                0x00000000000023a4        0x8 ./startup/startup_mk64f12.o
                0x00000000000023a4                DMA5_IRQHandler
 .text.DMA6_IRQHandler
                0x00000000000023ac        0x8 ./startup/startup_mk64f12.o
                0x00000000000023ac                DMA6_IRQHandler
 .text.DMA7_IRQHandler
                0x00000000000023b4        0x8 ./startup/startup_mk64f12.o
                0x00000000000023b4                DMA7_IRQHandler
 .text.DMA8_IRQHandler
                0x00000000000023bc        0x8 ./startup/startup_mk64f12.o
                0x00000000000023bc                DMA8_IRQHandler
 .text.DMA9_IRQHandler
                0x00000000000023c4        0x8 ./startup/startup_mk64f12.o
                0x00000000000023c4                DMA9_IRQHandler
 .text.DMA10_IRQHandler
                0x00000000000023cc        0x8 ./startup/startup_mk64f12.o
                0x00000000000023cc                DMA10_IRQHandler
 .text.DMA11_IRQHandler
                0x00000000000023d4        0x8 ./startup/startup_mk64f12.o
                0x00000000000023d4                DMA11_IRQHandler
 .text.DMA12_IRQHandler
                0x00000000000023dc        0x8 ./startup/startup_mk64f12.o
                0x00000000000023dc                DMA12_IRQHandler
 .text.DMA13_IRQHandler
                0x00000000000023e4        0x8 ./startup/startup_mk64f12.o
                0x00000000000023e4                DMA13_IRQHandler
 .text.DMA14_IRQHandler
                0x00000000000023ec        0x8 ./startup/startup_mk64f12.o
                0x00000000000023ec                DMA14_IRQHandler
 .text.DMA15_IRQHandler
                0x00000000000023f4        0x8 ./startup/startup_mk64f12.o
                0x00000000000023f4                DMA15_IRQHandler
 .text.DMA_Error_IRQHandler
                0x00000000000023fc        0x8 ./startup/startup_mk64f12.o
                0x00000000000023fc                DMA_Error_IRQHandler
 .text.MCM_IRQHandler
                0x0000000000002404        0x8 ./startup/startup_mk64f12.o
                0x0000000000002404                MCM_IRQHandler
 .text.FTFE_IRQHandler
                0x000000000000240c        0x8 ./startup/startup_mk64f12.o
                0x000000000000240c                FTFE_IRQHandler
 .text.Read_Collision_IRQHandler
                0x0000000000002414        0x8 ./startup/startup_mk64f12.o
                0x0000000000002414                Read_Collision_IRQHandler
 .text.LVD_LVW_IRQHandler
                0x000000000000241c        0x8 ./startup/startup_mk64f12.o
                0x000000000000241c                LVD_LVW_IRQHandler
 .text.LLWU_IRQHandler
                0x0000000000002424        0x8 ./startup/startup_mk64f12.o
                0x0000000000002424                LLWU_IRQHandler
 .text.WDOG_EWM_IRQHandler
                0x000000000000242c        0x8 ./startup/startup_mk64f12.o
                0x000000000000242c                WDOG_EWM_IRQHandler
 .text.RNG_IRQHandler
                0x0000000000002434        0x8 ./startup/startup_mk64f12.o
                0x0000000000002434                RNG_IRQHandler
 .text.I2C0_IRQHandler
                0x000000000000243c        0x8 ./startup/startup_mk64f12.o
                0x000000000000243c                I2C0_IRQHandler
 .text.I2C1_IRQHandler
                0x0000000000002444        0x8 ./startup/startup_mk64f12.o
                0x0000000000002444                I2C1_IRQHandler
 .text.SPI0_IRQHandler
                0x000000000000244c        0x8 ./startup/startup_mk64f12.o
                0x000000000000244c                SPI0_IRQHandler
 .text.SPI1_IRQHandler
                0x0000000000002454        0x8 ./startup/startup_mk64f12.o
                0x0000000000002454                SPI1_IRQHandler
 .text.I2S0_Tx_IRQHandler
                0x000000000000245c        0x8 ./startup/startup_mk64f12.o
                0x000000000000245c                I2S0_Tx_IRQHandler
 .text.I2S0_Rx_IRQHandler
                0x0000000000002464        0x8 ./startup/startup_mk64f12.o
                0x0000000000002464                I2S0_Rx_IRQHandler
 .text.UART0_LON_IRQHandler
                0x000000000000246c        0x8 ./startup/startup_mk64f12.o
                0x000000000000246c                UART0_LON_IRQHandler
 .text.UART0_RX_TX_IRQHandler
                0x0000000000002474        0x8 ./startup/startup_mk64f12.o
                0x0000000000002474                UART0_RX_TX_IRQHandler
 .text.UART0_ERR_IRQHandler
                0x000000000000247c        0x8 ./startup/startup_mk64f12.o
                0x000000000000247c                UART0_ERR_IRQHandler
 .text.UART1_RX_TX_IRQHandler
                0x0000000000002484        0x8 ./startup/startup_mk64f12.o
                0x0000000000002484                UART1_RX_TX_IRQHandler
 .text.UART1_ERR_IRQHandler
                0x000000000000248c        0x8 ./startup/startup_mk64f12.o
                0x000000000000248c                UART1_ERR_IRQHandler
 .text.UART2_RX_TX_IRQHandler
                0x0000000000002494        0x8 ./startup/startup_mk64f12.o
                0x0000000000002494                UART2_RX_TX_IRQHandler
 .text.UART2_ERR_IRQHandler
                0x000000000000249c        0x8 ./startup/startup_mk64f12.o
                0x000000000000249c                UART2_ERR_IRQHandler
 .text.UART3_RX_TX_IRQHandler
                0x00000000000024a4        0x8 ./startup/startup_mk64f12.o
                0x00000000000024a4                UART3_RX_TX_IRQHandler
 .text.UART3_ERR_IRQHandler
                0x00000000000024ac        0x8 ./startup/startup_mk64f12.o
                0x00000000000024ac                UART3_ERR_IRQHandler
 .text.ADC0_IRQHandler
                0x00000000000024b4        0x8 ./startup/startup_mk64f12.o
                0x00000000000024b4                ADC0_IRQHandler
 .text.CMP0_IRQHandler
                0x00000000000024bc        0x8 ./startup/startup_mk64f12.o
                0x00000000000024bc                CMP0_IRQHandler
 .text.CMP1_IRQHandler
                0x00000000000024c4        0x8 ./startup/startup_mk64f12.o
                0x00000000000024c4                CMP1_IRQHandler
 .text.FTM0_IRQHandler
                0x00000000000024cc        0x8 ./startup/startup_mk64f12.o
                0x00000000000024cc                FTM0_IRQHandler
 .text.FTM1_IRQHandler
                0x00000000000024d4        0x8 ./startup/startup_mk64f12.o
                0x00000000000024d4                FTM1_IRQHandler
 .text.FTM2_IRQHandler
                0x00000000000024dc        0x8 ./startup/startup_mk64f12.o
                0x00000000000024dc                FTM2_IRQHandler
 .text.CMT_IRQHandler
                0x00000000000024e4        0x8 ./startup/startup_mk64f12.o
                0x00000000000024e4                CMT_IRQHandler
 .text.RTC_IRQHandler
                0x00000000000024ec        0x8 ./startup/startup_mk64f12.o
                0x00000000000024ec                RTC_IRQHandler
 .text.RTC_Seconds_IRQHandler
                0x00000000000024f4        0x8 ./startup/startup_mk64f12.o
                0x00000000000024f4                RTC_Seconds_IRQHandler
 .text.PIT0_IRQHandler
                0x00000000000024fc        0x8 ./startup/startup_mk64f12.o
                0x00000000000024fc                PIT0_IRQHandler
 .text.PIT1_IRQHandler
                0x0000000000002504        0x8 ./startup/startup_mk64f12.o
                0x0000000000002504                PIT1_IRQHandler
 .text.PIT2_IRQHandler
                0x000000000000250c        0x8 ./startup/startup_mk64f12.o
                0x000000000000250c                PIT2_IRQHandler
 .text.PIT3_IRQHandler
                0x0000000000002514        0x8 ./startup/startup_mk64f12.o
                0x0000000000002514                PIT3_IRQHandler
 .text.PDB0_IRQHandler
                0x000000000000251c        0x8 ./startup/startup_mk64f12.o
                0x000000000000251c                PDB0_IRQHandler
 .text.USB0_IRQHandler
                0x0000000000002524        0x8 ./startup/startup_mk64f12.o
                0x0000000000002524                USB0_IRQHandler
 .text.USBDCD_IRQHandler
                0x000000000000252c        0x8 ./startup/startup_mk64f12.o
                0x000000000000252c                USBDCD_IRQHandler
 .text.Reserved71_IRQHandler
                0x0000000000002534        0x8 ./startup/startup_mk64f12.o
                0x0000000000002534                Reserved71_IRQHandler
 .text.DAC0_IRQHandler
                0x000000000000253c        0x8 ./startup/startup_mk64f12.o
                0x000000000000253c                DAC0_IRQHandler
 .text.MCG_IRQHandler
                0x0000000000002544        0x8 ./startup/startup_mk64f12.o
                0x0000000000002544                MCG_IRQHandler
 .text.LPTMR0_IRQHandler
                0x000000000000254c        0x8 ./startup/startup_mk64f12.o
                0x000000000000254c                LPTMR0_IRQHandler
 .text.PORTA_IRQHandler
                0x0000000000002554        0x8 ./startup/startup_mk64f12.o
                0x0000000000002554                PORTA_IRQHandler
 .text.PORTB_IRQHandler
                0x000000000000255c        0x8 ./startup/startup_mk64f12.o
                0x000000000000255c                PORTB_IRQHandler
 .text.PORTC_IRQHandler
                0x0000000000002564        0x8 ./startup/startup_mk64f12.o
                0x0000000000002564                PORTC_IRQHandler
 .text.PORTD_IRQHandler
                0x000000000000256c        0x8 ./startup/startup_mk64f12.o
                0x000000000000256c                PORTD_IRQHandler
 .text.PORTE_IRQHandler
                0x0000000000002574        0x8 ./startup/startup_mk64f12.o
                0x0000000000002574                PORTE_IRQHandler
 .text.SWI_IRQHandler
                0x000000000000257c        0x8 ./startup/startup_mk64f12.o
                0x000000000000257c                SWI_IRQHandler
 .text.SPI2_IRQHandler
                0x0000000000002584        0x8 ./startup/startup_mk64f12.o
                0x0000000000002584                SPI2_IRQHandler
 .text.UART4_RX_TX_IRQHandler
                0x000000000000258c        0x8 ./startup/startup_mk64f12.o
                0x000000000000258c                UART4_RX_TX_IRQHandler
 .text.UART4_ERR_IRQHandler
                0x0000000000002594        0x8 ./startup/startup_mk64f12.o
                0x0000000000002594                UART4_ERR_IRQHandler
 .text.UART5_RX_TX_IRQHandler
                0x000000000000259c        0x8 ./startup/startup_mk64f12.o
                0x000000000000259c                UART5_RX_TX_IRQHandler
 .text.UART5_ERR_IRQHandler
                0x00000000000025a4        0x8 ./startup/startup_mk64f12.o
                0x00000000000025a4                UART5_ERR_IRQHandler
 .text.CMP2_IRQHandler
                0x00000000000025ac        0x8 ./startup/startup_mk64f12.o
                0x00000000000025ac                CMP2_IRQHandler
 .text.FTM3_IRQHandler
                0x00000000000025b4        0x8 ./startup/startup_mk64f12.o
                0x00000000000025b4                FTM3_IRQHandler
 .text.DAC1_IRQHandler
                0x00000000000025bc        0x8 ./startup/startup_mk64f12.o
                0x00000000000025bc                DAC1_IRQHandler
 .text.ADC1_IRQHandler
                0x00000000000025c4        0x8 ./startup/startup_mk64f12.o
                0x00000000000025c4                ADC1_IRQHandler
 .text.I2C2_IRQHandler
                0x00000000000025cc        0x8 ./startup/startup_mk64f12.o
                0x00000000000025cc                I2C2_IRQHandler
 .text.CAN0_ORed_Message_buffer_IRQHandler
                0x00000000000025d4        0x8 ./startup/startup_mk64f12.o
                0x00000000000025d4                CAN0_ORed_Message_buffer_IRQHandler
 .text.CAN0_Bus_Off_IRQHandler
                0x00000000000025dc        0x8 ./startup/startup_mk64f12.o
                0x00000000000025dc                CAN0_Bus_Off_IRQHandler
 .text.CAN0_Error_IRQHandler
                0x00000000000025e4        0x8 ./startup/startup_mk64f12.o
                0x00000000000025e4                CAN0_Error_IRQHandler
 .text.CAN0_Tx_Warning_IRQHandler
                0x00000000000025ec        0x8 ./startup/startup_mk64f12.o
                0x00000000000025ec                CAN0_Tx_Warning_IRQHandler
 .text.CAN0_Rx_Warning_IRQHandler
                0x00000000000025f4        0x8 ./startup/startup_mk64f12.o
                0x00000000000025f4                CAN0_Rx_Warning_IRQHandler
 .text.CAN0_Wake_Up_IRQHandler
                0x00000000000025fc        0x8 ./startup/startup_mk64f12.o
                0x00000000000025fc                CAN0_Wake_Up_IRQHandler
 .text.SDHC_IRQHandler
                0x0000000000002604        0x8 ./startup/startup_mk64f12.o
                0x0000000000002604                SDHC_IRQHandler
 .text.ENET_1588_Timer_IRQHandler
                0x000000000000260c        0x8 ./startup/startup_mk64f12.o
                0x000000000000260c                ENET_1588_Timer_IRQHandler
 .text.ENET_Transmit_IRQHandler
                0x0000000000002614        0x8 ./startup/startup_mk64f12.o
                0x0000000000002614                ENET_Transmit_IRQHandler
 .text.ENET_Receive_IRQHandler
                0x000000000000261c        0x8 ./startup/startup_mk64f12.o
                0x000000000000261c                ENET_Receive_IRQHandler
 .text.ENET_Error_IRQHandler
                0x0000000000002624        0x8 ./startup/startup_mk64f12.o
                0x0000000000002624                ENET_Error_IRQHandler
 .text.HardFault_Handler
                0x000000000000262c       0x2c ./source/semihost_hardfault.o
                0x000000000000262c                HardFault_Handler
 .text.CLOCK_EnableClock
                0x0000000000002658       0x34 ./drivers/fsl_clock.o
 .text.CLOCK_DisableClock
                0x000000000000268c       0x38 ./drivers/fsl_clock.o
 .text.OSC_SetExtRefClkConfig
                0x00000000000026c4       0x34 ./drivers/fsl_clock.o
 .text.OSC_SetCapLoad
                0x00000000000026f8       0x34 ./drivers/fsl_clock.o
 .text.CLOCK_GetPll0RefFreq
                0x000000000000272c        0xe ./drivers/fsl_clock.o
 .text.DSPI_IsMaster
                0x000000000000273a       0x26 ./drivers/fsl_dspi.o
 .text.UART0_RX_TX_DriverIRQHandler
                0x0000000000002760       0x10 ./drivers/fsl_uart.o
                0x0000000000002760                UART0_RX_TX_DriverIRQHandler
 .text.UART1_RX_TX_DriverIRQHandler
                0x0000000000002770       0x10 ./drivers/fsl_uart.o
                0x0000000000002770                UART1_RX_TX_DriverIRQHandler
 .text.UART2_RX_TX_DriverIRQHandler
                0x0000000000002780       0x10 ./drivers/fsl_uart.o
                0x0000000000002780                UART2_RX_TX_DriverIRQHandler
 .text.UART3_RX_TX_DriverIRQHandler
                0x0000000000002790       0x10 ./drivers/fsl_uart.o
                0x0000000000002790                UART3_RX_TX_DriverIRQHandler
 .text.UART4_RX_TX_DriverIRQHandler
                0x00000000000027a0       0x10 ./drivers/fsl_uart.o
                0x00000000000027a0                UART4_RX_TX_DriverIRQHandler
 .text.UART5_RX_TX_DriverIRQHandler
                0x00000000000027b0       0x10 ./drivers/fsl_uart.o
                0x00000000000027b0                UART5_RX_TX_DriverIRQHandler
 .text.SystemInitHook
                0x00000000000027c0        0xe ./device/system_MK64F12.o
                0x00000000000027c0                SystemInitHook
 .text.DbgConsole_Init
                0x00000000000027ce       0x20 ./board/board.o
 .text.BOARD_InitDebugConsole
                0x00000000000027ee       0x22 ./board/board.o
                0x00000000000027ee                BOARD_InitDebugConsole
 .text.BOARD_InitBootClocks
                0x0000000000002810        0xc ./board/clock_config.o
                0x0000000000002810                BOARD_InitBootClocks
 .text.BOARD_InitPeripherals
                0x000000000000281c        0xe ./board/peripherals.o
                0x000000000000281c                BOARD_InitPeripherals
 .text.BOARD_InitBootPeripherals
                0x000000000000282a        0xc ./board/peripherals.o
                0x000000000000282a                BOARD_InitBootPeripherals
 .text.CLOCK_EnableClock
                0x0000000000002836       0x34 ./board/pin_mux.o
 .text.PORT_SetPinMux
                0x000000000000286a       0x3a ./board/pin_mux.o
 .text.BOARD_InitBootPins
                0x00000000000028a4       0x10 ./board/pin_mux.o
                0x00000000000028a4                BOARD_InitBootPins
 .text.__main   0x00000000000028b4        0xe /Applications/MCUXpressoIDE_11.1.0_3209/ide/plugins/com.nxp.mcuxpresso.tools.macosx_11.1.0.201909161352/tools/bin/../lib/gcc/arm-none-eabi/8.3.1/../../../../arm-none-eabi/lib/thumb/v7e-m+fp/hard/libcr_semihost_nf.a(_cr__main.o)
                0x00000000000028b4                __main
                0x00000000000028b4                __CR_SEMIHOST
 .text.memset   0x00000000000028c2        0x4 /Applications/MCUXpressoIDE_11.1.0_3209/ide/plugins/com.nxp.mcuxpresso.tools.macosx_11.1.0.201909161352/tools/bin/../lib/gcc/arm-none-eabi/8.3.1/../../../../arm-none-eabi/lib/thumb/v7e-m+fp/hard/libcr_c.a(memset.o)
                0x00000000000028c2                memset
 .text._deferredlazyseek
                0x00000000000028c6       0x40 /Applications/MCUXpressoIDE_11.1.0_3209/ide/plugins/com.nxp.mcuxpresso.tools.macosx_11.1.0.201909161352/tools/bin/../lib/gcc/arm-none-eabi/8.3.1/../../../../arm-none-eabi/lib/thumb/v7e-m+fp/hard/libcr_c.a(_deferredlazyseek.o)
                0x00000000000028c6                _deferredlazyseek
 .text.__flsbuf
                0x0000000000002906      0x140 /Applications/MCUXpressoIDE_11.1.0_3209/ide/plugins/com.nxp.mcuxpresso.tools.macosx_11.1.0.201909161352/tools/bin/../lib/gcc/arm-none-eabi/8.3.1/../../../../arm-none-eabi/lib/thumb/v7e-m+fp/hard/libcr_c.a(_deferredlazyseek.o)
                0x0000000000002906                __flsbuf
 .text._fflush  0x0000000000002a46       0x52 /Applications/MCUXpressoIDE_11.1.0_3209/ide/plugins/com.nxp.mcuxpresso.tools.macosx_11.1.0.201909161352/tools/bin/../lib/gcc/arm-none-eabi/8.3.1/../../../../arm-none-eabi/lib/thumb/v7e-m+fp/hard/libcr_c.a(_fflush.o)
                0x0000000000002a46                _fflush
 .text.free     0x0000000000002a98       0x30 /Applications/MCUXpressoIDE_11.1.0_3209/ide/plugins/com.nxp.mcuxpresso.tools.macosx_11.1.0.201909161352/tools/bin/../lib/gcc/arm-none-eabi/8.3.1/../../../../arm-none-eabi/lib/thumb/v7e-m+fp/hard/libcr_c.a(alloc.o)
                0x0000000000002a98                free
 .text.fputs    0x0000000000002ac8       0x2c /Applications/MCUXpressoIDE_11.1.0_3209/ide/plugins/com.nxp.mcuxpresso.tools.macosx_11.1.0.201909161352/tools/bin/../lib/gcc/arm-none-eabi/8.3.1/../../../../arm-none-eabi/lib/thumb/v7e-m+fp/hard/libcr_c.a(fputs.o)
                0x0000000000002ac8                fputs
 .text.no_fp_display
                0x0000000000002af4        0x4 /Applications/MCUXpressoIDE_11.1.0_3209/ide/plugins/com.nxp.mcuxpresso.tools.macosx_11.1.0.201909161352/tools/bin/../lib/gcc/arm-none-eabi/8.3.1/../../../../arm-none-eabi/lib/thumb/v7e-m+fp/hard/libcr_c.a(printf.o)
 .text.strlen   0x0000000000002af8       0x4c /Applications/MCUXpressoIDE_11.1.0_3209/ide/plugins/com.nxp.mcuxpresso.tools.macosx_11.1.0.201909161352/tools/bin/../lib/gcc/arm-none-eabi/8.3.1/../../../../arm-none-eabi/lib/thumb/v7e-m+fp/hard/libcr_c.a(strlen.o)
                0x0000000000002af8                strlen
 .text._fdopen  0x0000000000002b44       0x68 /Applications/MCUXpressoIDE_11.1.0_3209/ide/plugins/com.nxp.mcuxpresso.tools.macosx_11.1.0.201909161352/tools/bin/../lib/gcc/arm-none-eabi/8.3.1/../../../../arm-none-eabi/lib/thumb/v7e-m+fp/hard/libcr_c.a(_fdopen.o)
                0x0000000000002b44                _fdopen
 .text.fclose   0x0000000000002bac       0x58 /Applications/MCUXpressoIDE_11.1.0_3209/ide/plugins/com.nxp.mcuxpresso.tools.macosx_11.1.0.201909161352/tools/bin/../lib/gcc/arm-none-eabi/8.3.1/../../../../arm-none-eabi/lib/thumb/v7e-m+fp/hard/libcr_c.a(fclose.o)
                0x0000000000002bac                fclose
 .text.remove   0x0000000000002c04       0x14 /Applications/MCUXpressoIDE_11.1.0_3209/ide/plugins/com.nxp.mcuxpresso.tools.macosx_11.1.0.201909161352/tools/bin/../lib/gcc/arm-none-eabi/8.3.1/../../../../arm-none-eabi/lib/thumb/v7e-m+fp/hard/libcr_c.a(remove.o)
                0x0000000000002c04                remove
 .text._do_fflush
                0x0000000000002c18       0x40 /Applications/MCUXpressoIDE_11.1.0_3209/ide/plugins/com.nxp.mcuxpresso.tools.macosx_11.1.0.201909161352/tools/bin/../lib/gcc/arm-none-eabi/8.3.1/../../../../arm-none-eabi/lib/thumb/v7e-m+fp/hard/libcr_c.a(_do_fflush.o)
                0x0000000000002c18                _do_fflush
 .text.__aeabi_memset_lowlevel
                0x0000000000002c58       0x32 /Applications/MCUXpressoIDE_11.1.0_3209/ide/plugins/com.nxp.mcuxpresso.tools.macosx_11.1.0.201909161352/tools/bin/../lib/gcc/arm-none-eabi/8.3.1/thumb/v7e-m+fp/hard/libcr_eabihelpers.a(memcpy.o)
                0x0000000000002c58                __aeabi_lowlevel_memset
 .text.__sys_close
                0x0000000000002c8a        0xc /Applications/MCUXpressoIDE_11.1.0_3209/ide/plugins/com.nxp.mcuxpresso.tools.macosx_11.1.0.201909161352/tools/bin/../lib/gcc/arm-none-eabi/8.3.1/../../../../arm-none-eabi/lib/thumb/v7e-m+fp/hard/libcr_semihost_nf.a(__sys_close.o)
                0x0000000000002c8a                __sys_close
 .text.__sys_flen
                0x0000000000002c96        0xc /Applications/MCUXpressoIDE_11.1.0_3209/ide/plugins/com.nxp.mcuxpresso.tools.macosx_11.1.0.201909161352/tools/bin/../lib/gcc/arm-none-eabi/8.3.1/../../../../arm-none-eabi/lib/thumb/v7e-m+fp/hard/libcr_semihost_nf.a(__sys_flen.o)
                0x0000000000002c96                __sys_flen
 .text.__sys_istty
                0x0000000000002ca2        0xc /Applications/MCUXpressoIDE_11.1.0_3209/ide/plugins/com.nxp.mcuxpresso.tools.macosx_11.1.0.201909161352/tools/bin/../lib/gcc/arm-none-eabi/8.3.1/../../../../arm-none-eabi/lib/thumb/v7e-m+fp/hard/libcr_semihost_nf.a(__sys_istty.o)
                0x0000000000002ca2                __sys_istty
 .text.__sys_remove
                0x0000000000002cae        0xc /Applications/MCUXpressoIDE_11.1.0_3209/ide/plugins/com.nxp.mcuxpresso.tools.macosx_11.1.0.201909161352/tools/bin/../lib/gcc/arm-none-eabi/8.3.1/../../../../arm-none-eabi/lib/thumb/v7e-m+fp/hard/libcr_semihost_nf.a(__sys_remove.o)
                0x0000000000002cae                __sys_remove
 .text.__sys_seek
                0x0000000000002cba        0xc /Applications/MCUXpressoIDE_11.1.0_3209/ide/plugins/com.nxp.mcuxpresso.tools.macosx_11.1.0.201909161352/tools/bin/../lib/gcc/arm-none-eabi/8.3.1/../../../../arm-none-eabi/lib/thumb/v7e-m+fp/hard/libcr_semihost_nf.a(__sys_seek.o)
                0x0000000000002cba                __sys_seek
 .text.__sys_tmpnam
                0x0000000000002cc6        0xc /Applications/MCUXpressoIDE_11.1.0_3209/ide/plugins/com.nxp.mcuxpresso.tools.macosx_11.1.0.201909161352/tools/bin/../lib/gcc/arm-none-eabi/8.3.1/../../../../arm-none-eabi/lib/thumb/v7e-m+fp/hard/libcr_semihost_nf.a(__sys_tmpnam.o)
                0x0000000000002cc6                __sys_tmpnam
 .text.__sys_write
                0x0000000000002cd2        0xc /Applications/MCUXpressoIDE_11.1.0_3209/ide/plugins/com.nxp.mcuxpresso.tools.macosx_11.1.0.201909161352/tools/bin/../lib/gcc/arm-none-eabi/8.3.1/../../../../arm-none-eabi/lib/thumb/v7e-m+fp/hard/libcr_semihost_nf.a(__sys_write.o)
                0x0000000000002cd2                __sys_write
 *(SORT_BY_ALIGNMENT(.rodata) SORT_BY_ALIGNMENT(.rodata.*) SORT_BY_ALIGNMENT(.constdata) SORT_BY_ALIGNMENT(.constdata.*))
 *fill*         0x0000000000002cde        0x2 ff
 .rodata.main.str1.4
                0x0000000000002ce0        0xd ./source/Output_Toggle_Match.o
 *fill*         0x0000000000002ced        0x3 ff
 .rodata.CLOCK_GetMcgExtClkFreq.str1.4
                0x0000000000002cf0       0x4e ./drivers/fsl_clock.o
 *fill*         0x0000000000002d3e        0x2 ff
 .rodata.CLOCK_GetPll0Freq.str1.4
                0x0000000000002d40       0x1e ./drivers/fsl_clock.o
 *fill*         0x0000000000002d5e        0x2 ff
 .rodata.CLOCK_EnablePll0.str1.4
                0x0000000000002d60       0x1b ./drivers/fsl_clock.o
 *fill*         0x0000000000002d7b        0x1 ff
 .rodata.CLOCK_SetPbeMode.str1.4
                0x0000000000002d7c       0x1b ./drivers/fsl_clock.o
 *fill*         0x0000000000002d97        0x1 ff
 .rodata.CLOCK_BootToPeeMode.str1.4
                0x0000000000002d98       0x1b ./drivers/fsl_clock.o
 *fill*         0x0000000000002db3        0x1 ff
 .rodata.fllFactorTable.7862
                0x0000000000002db4       0x10 ./drivers/fsl_clock.o
 .rodata.SPI0_DriverIRQHandler.str1.4
                0x0000000000002dc4       0x2b ./drivers/fsl_dspi.o
 *fill*         0x0000000000002def        0x1 ff
 .rodata.SPI1_DriverIRQHandler.str1.4
                0x0000000000002df0       0x2b ./drivers/fsl_dspi.o
 *fill*         0x0000000000002e1b        0x1 ff
 .rodata.SPI2_DriverIRQHandler.str1.4
                0x0000000000002e1c       0x2b ./drivers/fsl_dspi.o
 *fill*         0x0000000000002e47        0x1 ff
 .rodata.mcgConfig_BOARD_BootClockRUN
                0x0000000000002e48        0xb ./board/clock_config.o
                0x0000000000002e48                mcgConfig_BOARD_BootClockRUN
 *fill*         0x0000000000002e53        0x1 ff
 .rodata.simConfig_BOARD_BootClockRUN
                0x0000000000002e54        0x8 ./board/clock_config.o
                0x0000000000002e54                simConfig_BOARD_BootClockRUN
 .rodata.oscConfig_BOARD_BootClockRUN
                0x0000000000002e5c        0x8 ./board/clock_config.o
                0x0000000000002e5c                oscConfig_BOARD_BootClockRUN
 .rodata.PORT_SetPinConfig.str1.4
                0x0000000000002e64       0x70 ./board/pin_mux.o
                                         0x6e (size before relaxing)
 .rodata.__num_Ciob_streams
                0x0000000000002ed4        0x4 /Applications/MCUXpressoIDE_11.1.0_3209/ide/plugins/com.nxp.mcuxpresso.tools.macosx_11.1.0.201909161352/tools/bin/../lib/gcc/arm-none-eabi/8.3.1/../../../../arm-none-eabi/lib/thumb/v7e-m+fp/hard/libcr_semihost_nf.a(__ciob.o)
                0x0000000000002ed4                __num_Ciob_streams
 .rodata.__assertion_failed.str1.1
                0x0000000000002ed8       0x15 /Applications/MCUXpressoIDE_11.1.0_3209/ide/plugins/com.nxp.mcuxpresso.tools.macosx_11.1.0.201909161352/tools/bin/../lib/gcc/arm-none-eabi/8.3.1/../../../../arm-none-eabi/lib/thumb/v7e-m+fp/hard/libcr_semihost_nf.a(_cr_assert.o)
 .rodata._Csys_alloc.str1.1
                0x0000000000002eed       0x18 /Applications/MCUXpressoIDE_11.1.0_3209/ide/plugins/com.nxp.mcuxpresso.tools.macosx_11.1.0.201909161352/tools/bin/../lib/gcc/arm-none-eabi/8.3.1/../../../../arm-none-eabi/lib/thumb/v7e-m+fp/hard/libcr_c.a(alloc.o)
 .rodata._initio.str1.1
                0x0000000000002f05        0x4 /Applications/MCUXpressoIDE_11.1.0_3209/ide/plugins/com.nxp.mcuxpresso.tools.macosx_11.1.0.201909161352/tools/bin/../lib/gcc/arm-none-eabi/8.3.1/../../../../arm-none-eabi/lib/thumb/v7e-m+fp/hard/libcr_c.a(initio.o)
 .rodata.__vfprintf.str1.1
                0x0000000000002f09       0x35 /Applications/MCUXpressoIDE_11.1.0_3209/ide/plugins/com.nxp.mcuxpresso.tools.macosx_11.1.0.201909161352/tools/bin/../lib/gcc/arm-none-eabi/8.3.1/../../../../arm-none-eabi/lib/thumb/v7e-m+fp/hard/libcr_c.a(printf.o)
                                         0x38 (size before relaxing)
                0x0000000000002f40                . = ALIGN (0x8)
 *fill*         0x0000000000002f3e        0x2 ff

.glue_7         0x0000000000002f40        0x0
 .glue_7        0x0000000000002f40        0x0 linker stubs

.glue_7t        0x0000000000002f40        0x0
 .glue_7t       0x0000000000002f40        0x0 linker stubs

.vfp11_veneer   0x0000000000002f40        0x0
 .vfp11_veneer  0x0000000000002f40        0x0 linker stubs

.v4_bx          0x0000000000002f40        0x0
 .v4_bx         0x0000000000002f40        0x0 linker stubs

.iplt           0x0000000000002f40        0x0
 .iplt          0x0000000000002f40        0x0 ./startup/startup_mk64f12.o

.rel.dyn        0x0000000000002f40        0x0
 .rel.iplt      0x0000000000002f40        0x0 ./startup/startup_mk64f12.o

.ARM.extab
 *(SORT_BY_ALIGNMENT(.ARM.extab*) SORT_BY_ALIGNMENT(.gnu.linkonce.armextab.*))
                0x0000000000002f40                __exidx_start = .

.ARM.exidx
 *(SORT_BY_ALIGNMENT(.ARM.exidx*) SORT_BY_ALIGNMENT(.gnu.linkonce.armexidx.*))
                0x0000000000002f40                __exidx_end = .
                0x0000000000002f40                _etext = .

.m_usb_data
 *(SORT_BY_ALIGNMENT(m_usb_bdt))

.data_RAM2      0x000000001fff0000        0x0 load address 0x0000000000002f40
 FILL mask 0xff
                [!provide]                        PROVIDE (__start_data_RAM2 = .)
                [!provide]                        PROVIDE (__start_data_SRAM_LOWER = .)
 *(SORT_BY_ALIGNMENT(.ramfunc.$RAM2))
 *(SORT_BY_ALIGNMENT(.ramfunc.$SRAM_LOWER))
 *(SORT_BY_ALIGNMENT(.data.$RAM2))
 *(SORT_BY_ALIGNMENT(.data.$SRAM_LOWER))
 *(SORT_BY_ALIGNMENT(.data.$RAM2.*))
 *(SORT_BY_ALIGNMENT(.data.$SRAM_LOWER.*))
                0x000000001fff0000                . = ALIGN (0x8)
                [!provide]                        PROVIDE (__end_data_RAM2 = .)
                [!provide]                        PROVIDE (__end_data_SRAM_LOWER = .)

.data_RAM3      0x0000000014000000        0x0 load address 0x0000000000002f40
 FILL mask 0xff
                [!provide]                        PROVIDE (__start_data_RAM3 = .)
                [!provide]                        PROVIDE (__start_data_FLEX_RAM = .)
 *(SORT_BY_ALIGNMENT(.ramfunc.$RAM3))
 *(SORT_BY_ALIGNMENT(.ramfunc.$FLEX_RAM))
 *(SORT_BY_ALIGNMENT(.data.$RAM3))
 *(SORT_BY_ALIGNMENT(.data.$FLEX_RAM))
 *(SORT_BY_ALIGNMENT(.data.$RAM3.*))
 *(SORT_BY_ALIGNMENT(.data.$FLEX_RAM.*))
                0x0000000014000000                . = ALIGN (0x8)
                [!provide]                        PROVIDE (__end_data_RAM3 = .)
                [!provide]                        PROVIDE (__end_data_FLEX_RAM = .)

.uninit_RESERVED
                0x0000000020000000        0x0
                0x0000000020000000                _start_uninit_RESERVED = .
 *(SORT_BY_ALIGNMENT(.bss.$RESERVED*))
                0x0000000020000000                . = ALIGN (0x8)
                0x0000000020000000                _end_uninit_RESERVED = .

.data           0x0000000020000000       0x10 load address 0x0000000000002f40
 FILL mask 0xff
                0x0000000020000000                _data = .
                [!provide]                        PROVIDE (__start_data_RAM = .)
                [!provide]                        PROVIDE (__start_data_SRAM_UPPER = .)
 *(SORT_BY_ALIGNMENT(vtable))
 *(SORT_BY_ALIGNMENT(.ramfunc*))
 *(SORT_BY_ALIGNMENT(CodeQuickAccess))
 *(SORT_BY_ALIGNMENT(DataQuickAccess))
 *(SORT_BY_ALIGNMENT(RamFunction))
 *(SORT_BY_ALIGNMENT(.data*))
 .data.s_slowIrcFreq
                0x0000000020000000        0x4 ./drivers/fsl_clock.o
 .data.s_fastIrcFreq
                0x0000000020000004        0x4 ./drivers/fsl_clock.o
 .data.SystemCoreClock
                0x0000000020000008        0x4 ./device/system_MK64F12.o
                0x0000000020000008                SystemCoreClock
                0x0000000020000010                . = ALIGN (0x8)
 *fill*         0x000000002000000c        0x4 ff
                0x0000000020000010                _edata = .
                [!provide]                        PROVIDE (__end_data_RAM = .)
                [!provide]                        PROVIDE (__end_data_SRAM_UPPER = .)

.igot.plt       0x0000000020000010        0x0 load address 0x0000000000002f50
 .igot.plt      0x0000000020000010        0x0 ./startup/startup_mk64f12.o

.bss_RAM2       0x000000001fff0000        0x0
                [!provide]                        PROVIDE (__start_bss_RAM2 = .)
                [!provide]                        PROVIDE (__start_bss_SRAM_LOWER = .)
 *(SORT_BY_ALIGNMENT(.bss.$RAM2))
 *(SORT_BY_ALIGNMENT(.bss.$SRAM_LOWER))
 *(SORT_BY_ALIGNMENT(.bss.$RAM2.*))
 *(SORT_BY_ALIGNMENT(.bss.$SRAM_LOWER.*))
                0x000000001fff0000                . = ALIGN ((. != 0x0)?0x8:0x1)
                [!provide]                        PROVIDE (__end_bss_RAM2 = .)
                [!provide]                        PROVIDE (__end_bss_SRAM_LOWER = .)

.bss_RAM3       0x0000000014000000        0x0
                [!provide]                        PROVIDE (__start_bss_RAM3 = .)
                [!provide]                        PROVIDE (__start_bss_FLEX_RAM = .)
 *(SORT_BY_ALIGNMENT(.bss.$RAM3))
 *(SORT_BY_ALIGNMENT(.bss.$FLEX_RAM))
 *(SORT_BY_ALIGNMENT(.bss.$RAM3.*))
 *(SORT_BY_ALIGNMENT(.bss.$FLEX_RAM.*))
                0x0000000014000000                . = ALIGN ((. != 0x0)?0x8:0x1)
                [!provide]                        PROVIDE (__end_bss_RAM3 = .)
                [!provide]                        PROVIDE (__end_bss_FLEX_RAM = .)

.bss            0x0000000020000010      0x110
                0x0000000020000010                _bss = .
                [!provide]                        PROVIDE (__start_bss_RAM = .)
                [!provide]                        PROVIDE (__start_bss_SRAM_UPPER = .)
 *(SORT_BY_ALIGNMENT(.bss*))
 .bss.i.8210    0x0000000020000010        0x4 ./source/Output_Toggle_Match.o
 .bss.g_xtal0Freq
                0x0000000020000014        0x4 ./drivers/fsl_clock.o
                0x0000000020000014                g_xtal0Freq
 .bss.g_xtal32Freq
                0x0000000020000018        0x4 ./drivers/fsl_clock.o
                0x0000000020000018                g_xtal32Freq
 .bss.g_dspiHandle
                0x000000002000001c        0xc ./drivers/fsl_dspi.o
 .bss.s_dspiMasterIsr
                0x0000000020000028        0x4 ./drivers/fsl_dspi.o
 .bss.s_dspiSlaveIsr
                0x000000002000002c        0x4 ./drivers/fsl_dspi.o
 .bss.s_i2cHandle
                0x0000000020000030        0xc ./drivers/fsl_i2c.o
 .bss.s_i2cMasterIsr
                0x000000002000003c        0x4 ./drivers/fsl_i2c.o
 .bss.s_i2cSlaveIsr
                0x0000000020000040        0x4 ./drivers/fsl_i2c.o
 .bss.s_uartHandle
                0x0000000020000044       0x18 ./drivers/fsl_uart.o
 .bss.s_uartIsr
                0x000000002000005c        0x4 ./drivers/fsl_uart.o
 .bss.__Ciob    0x0000000020000060       0xb4 /Applications/MCUXpressoIDE_11.1.0_3209/ide/plugins/com.nxp.mcuxpresso.tools.macosx_11.1.0.201909161352/tools/bin/../lib/gcc/arm-none-eabi/8.3.1/../../../../arm-none-eabi/lib/thumb/v7e-m+fp/hard/libcr_semihost_nf.a(__ciob.o)
                0x0000000020000060                __Ciob
 .bss.__end_of_heap
                0x0000000020000114        0x4 /Applications/MCUXpressoIDE_11.1.0_3209/ide/plugins/com.nxp.mcuxpresso.tools.macosx_11.1.0.201909161352/tools/bin/../lib/gcc/arm-none-eabi/8.3.1/../../../../arm-none-eabi/lib/thumb/v7e-m+fp/hard/libcr_c.a(__init_alloc.o)
                0x0000000020000114                __end_of_heap
 .bss.__heaps   0x0000000020000118        0x4 /Applications/MCUXpressoIDE_11.1.0_3209/ide/plugins/com.nxp.mcuxpresso.tools.macosx_11.1.0.201909161352/tools/bin/../lib/gcc/arm-none-eabi/8.3.1/../../../../arm-none-eabi/lib/thumb/v7e-m+fp/hard/libcr_c.a(__init_alloc.o)
                0x0000000020000118                __heaps
 .bss.errno     0x000000002000011c        0x4 /Applications/MCUXpressoIDE_11.1.0_3209/ide/plugins/com.nxp.mcuxpresso.tools.macosx_11.1.0.201909161352/tools/bin/../lib/gcc/arm-none-eabi/8.3.1/../../../../arm-none-eabi/lib/thumb/v7e-m+fp/hard/libcr_c.a(errno.o)
                0x000000002000011c                errno
 *(SORT_BY_ALIGNMENT(COMMON))
                0x0000000020000120                . = ALIGN (0x8)
                0x0000000020000120                _ebss = .
                [!provide]                        PROVIDE (__end_bss_RAM = .)
                [!provide]                        PROVIDE (__end_bss_SRAM_UPPER = .)
                [!provide]                        PROVIDE (end = .)

.noinit_RAM2    0x000000001fff0000        0x0
                [!provide]                        PROVIDE (__start_noinit_RAM2 = .)
                [!provide]                        PROVIDE (__start_noinit_SRAM_LOWER = .)
 *(SORT_BY_ALIGNMENT(.noinit.$RAM2))
 *(SORT_BY_ALIGNMENT(.noinit.$SRAM_LOWER))
 *(SORT_BY_ALIGNMENT(.noinit.$RAM2.*))
 *(SORT_BY_ALIGNMENT(.noinit.$SRAM_LOWER.*))
                0x000000001fff0000                . = ALIGN (0x8)
                [!provide]                        PROVIDE (__end_noinit_RAM2 = .)
                [!provide]                        PROVIDE (__end_noinit_SRAM_LOWER = .)

.noinit_RAM3    0x0000000014000000        0x0
                [!provide]                        PROVIDE (__start_noinit_RAM3 = .)
                [!provide]                        PROVIDE (__start_noinit_FLEX_RAM = .)
 *(SORT_BY_ALIGNMENT(.noinit.$RAM3))
 *(SORT_BY_ALIGNMENT(.noinit.$FLEX_RAM))
 *(SORT_BY_ALIGNMENT(.noinit.$RAM3.*))
 *(SORT_BY_ALIGNMENT(.noinit.$FLEX_RAM.*))
                0x0000000014000000                . = ALIGN (0x8)
                [!provide]                        PROVIDE (__end_noinit_RAM3 = .)
                [!provide]                        PROVIDE (__end_noinit_FLEX_RAM = .)

.noinit         0x0000000020000120        0x0
                0x0000000020000120                _noinit = .
                [!provide]                        PROVIDE (__start_noinit_RAM = .)
                [!provide]                        PROVIDE (__start_noinit_SRAM_UPPER = .)
 *(SORT_BY_ALIGNMENT(.noinit*))
                0x0000000020000120                . = ALIGN (0x8)
                0x0000000020000120                _end_noinit = .
                [!provide]                        PROVIDE (__end_noinit_RAM = .)
                [!provide]                        PROVIDE (__end_noinit_SRAM_UPPER = .)
                0x0000000000001000                _HeapSize = 0x1000

.heap           0x0000000020000120     0x1000
                0x0000000020000120                _pvHeapStart = .
                0x0000000020001120                . = (. + _HeapSize)
 *fill*         0x0000000020000120     0x1000 
                0x0000000020001120                . = ALIGN (0x8)
                0x0000000020001120                _pvHeapLimit = .
                0x0000000000001000                _StackSize = 0x1000

.heap2stackfill
                0x0000000020001120     0x1000
                0x0000000020002120                . = (. + _StackSize)
 *fill*         0x0000000020001120     0x1000 

.stack          0x000000002002f000        0x0
                0x000000002002f000                _vStackBase = .
                0x000000002002f000                . = ALIGN (0x8)
                0x0000000020030000                _vStackTop = (. + _StackSize)
                0x0000000000000000                _image_start = LOADADDR (.text)
                0x0000000000002f50                _image_end = (LOADADDR (.data) + SIZEOF (.data))
                0x0000000000002f50                _image_size = (_image_end - _image_start)
OUTPUT(Output_Toggle_Match.axf elf32-littlearm)

.debug_info     0x0000000000000000     0xb8e5
 .debug_info    0x0000000000000000      0x92e ./startup/startup_mk64f12.o
 .debug_info    0x000000000000092e      0x5a9 ./source/Output_Toggle_Match.o
 .debug_info    0x0000000000000ed7       0x3c ./source/semihost_hardfault.o
 .debug_info    0x0000000000000f13     0x21b2 ./drivers/fsl_clock.o
 .debug_info    0x00000000000030c5     0x25b0 ./drivers/fsl_dspi.o
 .debug_info    0x0000000000005675     0x1ef4 ./drivers/fsl_i2c.o
 .debug_info    0x0000000000007569     0x1c98 ./drivers/fsl_uart.o
 .debug_info    0x0000000000009201      0x69f ./device/system_MK64F12.o
 .debug_info    0x00000000000098a0      0x672 ./board/board.o
 .debug_info    0x0000000000009f12      0xcd8 ./board/clock_config.o
 .debug_info    0x000000000000abea       0x4e ./board/peripherals.o
 .debug_info    0x000000000000ac38      0xcad ./board/pin_mux.o

.debug_abbrev   0x0000000000000000     0x1995
 .debug_abbrev  0x0000000000000000      0x17a ./startup/startup_mk64f12.o
 .debug_abbrev  0x000000000000017a      0x14d ./source/Output_Toggle_Match.o
 .debug_abbrev  0x00000000000002c7       0x31 ./source/semihost_hardfault.o
 .debug_abbrev  0x00000000000002f8      0x371 ./drivers/fsl_clock.o
 .debug_abbrev  0x0000000000000669      0x399 ./drivers/fsl_dspi.o
 .debug_abbrev  0x0000000000000a02      0x3a6 ./drivers/fsl_i2c.o
 .debug_abbrev  0x0000000000000da8      0x358 ./drivers/fsl_uart.o
 .debug_abbrev  0x0000000000001100      0x170 ./device/system_MK64F12.o
 .debug_abbrev  0x0000000000001270      0x1a0 ./board/board.o
 .debug_abbrev  0x0000000000001410      0x265 ./board/clock_config.o
 .debug_abbrev  0x0000000000001675       0x4b ./board/peripherals.o
 .debug_abbrev  0x00000000000016c0      0x2d5 ./board/pin_mux.o

.debug_aranges  0x0000000000000000      0xbc8
 .debug_aranges
                0x0000000000000000      0x330 ./startup/startup_mk64f12.o
 .debug_aranges
                0x0000000000000330       0x20 ./source/Output_Toggle_Match.o
 .debug_aranges
                0x0000000000000350       0x20 ./source/semihost_hardfault.o
 .debug_aranges
                0x0000000000000370      0x1f8 ./drivers/fsl_clock.o
 .debug_aranges
                0x0000000000000568      0x1d8 ./drivers/fsl_dspi.o
 .debug_aranges
                0x0000000000000740      0x180 ./drivers/fsl_i2c.o
 .debug_aranges
                0x00000000000008c0      0x180 ./drivers/fsl_uart.o
 .debug_aranges
                0x0000000000000a40       0x30 ./device/system_MK64F12.o
 .debug_aranges
                0x0000000000000a70       0x28 ./board/board.o
 .debug_aranges
                0x0000000000000a98       0x80 ./board/clock_config.o
 .debug_aranges
                0x0000000000000b18       0x28 ./board/peripherals.o
 .debug_aranges
                0x0000000000000b40       0x88 ./board/pin_mux.o

.debug_ranges   0x0000000000000000      0xb08
 .debug_ranges  0x0000000000000000      0x320 ./startup/startup_mk64f12.o
 .debug_ranges  0x0000000000000320       0x10 ./source/Output_Toggle_Match.o
 .debug_ranges  0x0000000000000330       0x10 ./source/semihost_hardfault.o
 .debug_ranges  0x0000000000000340      0x1e8 ./drivers/fsl_clock.o
 .debug_ranges  0x0000000000000528      0x1c8 ./drivers/fsl_dspi.o
 .debug_ranges  0x00000000000006f0      0x170 ./drivers/fsl_i2c.o
 .debug_ranges  0x0000000000000860      0x170 ./drivers/fsl_uart.o
 .debug_ranges  0x00000000000009d0       0x20 ./device/system_MK64F12.o
 .debug_ranges  0x00000000000009f0       0x18 ./board/board.o
 .debug_ranges  0x0000000000000a08       0x70 ./board/clock_config.o
 .debug_ranges  0x0000000000000a78       0x18 ./board/peripherals.o
 .debug_ranges  0x0000000000000a90       0x78 ./board/pin_mux.o

.debug_macro    0x0000000000000000     0x109c
 .debug_macro   0x0000000000000000       0x29 ./startup/startup_mk64f12.o
 .debug_macro   0x0000000000000029      0x182 ./source/Output_Toggle_Match.o
 .debug_macro   0x00000000000001ab       0xd8 ./source/Output_Toggle_Match.o
 .debug_macro   0x0000000000000283       0x22 ./source/Output_Toggle_Match.o
 .debug_macro   0x00000000000002a5       0x16 ./source/Output_Toggle_Match.o
 .debug_macro   0x00000000000002bb       0x10 ./source/Output_Toggle_Match.o
 .debug_macro   0x00000000000002cb       0x16 ./source/Output_Toggle_Match.o
 .debug_macro   0x00000000000002e1      0x1f1 ./source/Output_Toggle_Match.o
 .debug_macro   0x00000000000004d2      0x1ce ./source/Output_Toggle_Match.o
 .debug_macro   0x00000000000006a0       0x2e ./source/Output_Toggle_Match.o
 .debug_macro   0x00000000000006ce       0x11 ./source/semihost_hardfault.o
 .debug_macro   0x00000000000006df      0x1ba ./drivers/fsl_clock.o
 .debug_macro   0x0000000000000899      0x103 ./drivers/fsl_dspi.o
 .debug_macro   0x000000000000099c       0x3a ./drivers/fsl_dspi.o
 .debug_macro   0x00000000000009d6      0x103 ./drivers/fsl_i2c.o
 .debug_macro   0x0000000000000ad9       0x1c ./drivers/fsl_i2c.o
 .debug_macro   0x0000000000000af5      0x10a ./drivers/fsl_uart.o
 .debug_macro   0x0000000000000bff       0x98 ./device/system_MK64F12.o
 .debug_macro   0x0000000000000c97      0x16c ./board/board.o
 .debug_macro   0x0000000000000e03       0x16 ./board/board.o
 .debug_macro   0x0000000000000e19      0x15f ./board/clock_config.o
 .debug_macro   0x0000000000000f78       0x1b ./board/peripherals.o
 .debug_macro   0x0000000000000f93      0x109 ./board/pin_mux.o

.debug_line     0x0000000000000000     0x786e
 .debug_line    0x0000000000000000      0x90e ./startup/startup_mk64f12.o
 .debug_line    0x000000000000090e      0x5ae ./source/Output_Toggle_Match.o
 .debug_line    0x0000000000000ebc       0x5a ./source/semihost_hardfault.o
 .debug_line    0x0000000000000f16     0x14df ./drivers/fsl_clock.o
 .debug_line    0x00000000000023f5     0x17d4 ./drivers/fsl_dspi.o
 .debug_line    0x0000000000003bc9     0x140a ./drivers/fsl_i2c.o
 .debug_line    0x0000000000004fd3     0x1348 ./drivers/fsl_uart.o
 .debug_line    0x000000000000631b      0x402 ./device/system_MK64F12.o
 .debug_line    0x000000000000671d      0x534 ./board/board.o
 .debug_line    0x0000000000006c51      0x545 ./board/clock_config.o
 .debug_line    0x0000000000007196       0x71 ./board/peripherals.o
 .debug_line    0x0000000000007207      0x667 ./board/pin_mux.o

.debug_str      0x0000000000000000    0x81c51
 .debug_str     0x0000000000000000     0x368d ./startup/startup_mk64f12.o
                                       0x3740 (size before relaxing)
 .debug_str     0x000000000000368d    0x780b6 ./source/Output_Toggle_Match.o
                                      0x7b018 (size before relaxing)
 .debug_str     0x000000000007b743       0x1f ./source/semihost_hardfault.o
                                       0x2ed1 (size before relaxing)
 .debug_str     0x000000000007b762     0x2393 ./drivers/fsl_clock.o
                                      0x7b782 (size before relaxing)
 .debug_str     0x000000000007daf5     0x1927 ./drivers/fsl_dspi.o
                                      0x7b618 (size before relaxing)
 .debug_str     0x000000000007f41c      0xc89 ./drivers/fsl_i2c.o
                                      0x7ae90 (size before relaxing)
 .debug_str     0x00000000000800a5      0xdce ./drivers/fsl_uart.o
                                      0x7afcd (size before relaxing)
 .debug_str     0x0000000000080e73      0x117 ./device/system_MK64F12.o
                                      0x78233 (size before relaxing)
 .debug_str     0x0000000000080f8a       0xbb ./board/board.o
                                      0x7ab2c (size before relaxing)
 .debug_str     0x0000000000081045      0x455 ./board/clock_config.o
                                      0x7a290 (size before relaxing)
 .debug_str     0x000000000008149a       0x47 ./board/peripherals.o
                                       0x2ef8 (size before relaxing)
 .debug_str     0x00000000000814e1      0x770 ./board/pin_mux.o
                                      0x7a301 (size before relaxing)

.comment        0x0000000000000000       0x76
 .comment       0x0000000000000000       0x76 ./startup/startup_mk64f12.o
                                         0x77 (size before relaxing)
 .comment       0x0000000000000076       0x77 ./source/Output_Toggle_Match.o
 .comment       0x0000000000000076       0x77 ./source/semihost_hardfault.o
 .comment       0x0000000000000076       0x77 ./drivers/fsl_clock.o
 .comment       0x0000000000000076       0x77 ./drivers/fsl_dspi.o
 .comment       0x0000000000000076       0x77 ./drivers/fsl_i2c.o
 .comment       0x0000000000000076       0x77 ./drivers/fsl_uart.o
 .comment       0x0000000000000076       0x77 ./device/system_MK64F12.o
 .comment       0x0000000000000076       0x77 ./board/board.o
 .comment       0x0000000000000076       0x77 ./board/clock_config.o
 .comment       0x0000000000000076       0x77 ./board/peripherals.o
 .comment       0x0000000000000076       0x77 ./board/pin_mux.o
 .comment       0x0000000000000076       0x77 /Applications/MCUXpressoIDE_11.1.0_3209/ide/plugins/com.nxp.mcuxpresso.tools.macosx_11.1.0.201909161352/tools/bin/../lib/gcc/arm-none-eabi/8.3.1/../../../../arm-none-eabi/lib/thumb/v7e-m+fp/hard/libcr_semihost_nf.a(_cr__main.o)
 .comment       0x0000000000000076       0x77 /Applications/MCUXpressoIDE_11.1.0_3209/ide/plugins/com.nxp.mcuxpresso.tools.macosx_11.1.0.201909161352/tools/bin/../lib/gcc/arm-none-eabi/8.3.1/../../../../arm-none-eabi/lib/thumb/v7e-m+fp/hard/libcr_semihost_nf.a(_cr_assert.o)
 .comment       0x0000000000000076       0x77 /Applications/MCUXpressoIDE_11.1.0_3209/ide/plugins/com.nxp.mcuxpresso.tools.macosx_11.1.0.201909161352/tools/bin/../lib/gcc/arm-none-eabi/8.3.1/../../../../arm-none-eabi/lib/thumb/v7e-m+fp/hard/libcr_semihost_nf.a(__ciob.o)
 .comment       0x0000000000000076       0x77 /Applications/MCUXpressoIDE_11.1.0_3209/ide/plugins/com.nxp.mcuxpresso.tools.macosx_11.1.0.201909161352/tools/bin/../lib/gcc/arm-none-eabi/8.3.1/../../../../arm-none-eabi/lib/thumb/v7e-m+fp/hard/libcr_c.a(memset.o)
 .comment       0x0000000000000076       0x77 /Applications/MCUXpressoIDE_11.1.0_3209/ide/plugins/com.nxp.mcuxpresso.tools.macosx_11.1.0.201909161352/tools/bin/../lib/gcc/arm-none-eabi/8.3.1/../../../../arm-none-eabi/lib/thumb/v7e-m+fp/hard/libcr_c.a(_deferredlazyseek.o)
 .comment       0x0000000000000076       0x77 /Applications/MCUXpressoIDE_11.1.0_3209/ide/plugins/com.nxp.mcuxpresso.tools.macosx_11.1.0.201909161352/tools/bin/../lib/gcc/arm-none-eabi/8.3.1/../../../../arm-none-eabi/lib/thumb/v7e-m+fp/hard/libcr_c.a(_fflush.o)
 .comment       0x0000000000000076       0x77 /Applications/MCUXpressoIDE_11.1.0_3209/ide/plugins/com.nxp.mcuxpresso.tools.macosx_11.1.0.201909161352/tools/bin/../lib/gcc/arm-none-eabi/8.3.1/../../../../arm-none-eabi/lib/thumb/v7e-m+fp/hard/libcr_c.a(_writebuf.o)
 .comment       0x0000000000000076       0x77 /Applications/MCUXpressoIDE_11.1.0_3209/ide/plugins/com.nxp.mcuxpresso.tools.macosx_11.1.0.201909161352/tools/bin/../lib/gcc/arm-none-eabi/8.3.1/../../../../arm-none-eabi/lib/thumb/v7e-m+fp/hard/libcr_c.a(alloc.o)
 .comment       0x0000000000000076       0x77 /Applications/MCUXpressoIDE_11.1.0_3209/ide/plugins/com.nxp.mcuxpresso.tools.macosx_11.1.0.201909161352/tools/bin/../lib/gcc/arm-none-eabi/8.3.1/../../../../arm-none-eabi/lib/thumb/v7e-m+fp/hard/libcr_c.a(fputs.o)
 .comment       0x0000000000000076       0x77 /Applications/MCUXpressoIDE_11.1.0_3209/ide/plugins/com.nxp.mcuxpresso.tools.macosx_11.1.0.201909161352/tools/bin/../lib/gcc/arm-none-eabi/8.3.1/../../../../arm-none-eabi/lib/thumb/v7e-m+fp/hard/libcr_c.a(fseek.o)
 .comment       0x0000000000000076       0x77 /Applications/MCUXpressoIDE_11.1.0_3209/ide/plugins/com.nxp.mcuxpresso.tools.macosx_11.1.0.201909161352/tools/bin/../lib/gcc/arm-none-eabi/8.3.1/../../../../arm-none-eabi/lib/thumb/v7e-m+fp/hard/libcr_c.a(ftell.o)
 .comment       0x0000000000000076       0x77 /Applications/MCUXpressoIDE_11.1.0_3209/ide/plugins/com.nxp.mcuxpresso.tools.macosx_11.1.0.201909161352/tools/bin/../lib/gcc/arm-none-eabi/8.3.1/../../../../arm-none-eabi/lib/thumb/v7e-m+fp/hard/libcr_c.a(initio.o)
 .comment       0x0000000000000076       0x77 /Applications/MCUXpressoIDE_11.1.0_3209/ide/plugins/com.nxp.mcuxpresso.tools.macosx_11.1.0.201909161352/tools/bin/../lib/gcc/arm-none-eabi/8.3.1/../../../../arm-none-eabi/lib/thumb/v7e-m+fp/hard/libcr_c.a(printf.o)
 .comment       0x0000000000000076       0x77 /Applications/MCUXpressoIDE_11.1.0_3209/ide/plugins/com.nxp.mcuxpresso.tools.macosx_11.1.0.201909161352/tools/bin/../lib/gcc/arm-none-eabi/8.3.1/../../../../arm-none-eabi/lib/thumb/v7e-m+fp/hard/libcr_c.a(setvbuf.o)
 .comment       0x0000000000000076       0x77 /Applications/MCUXpressoIDE_11.1.0_3209/ide/plugins/com.nxp.mcuxpresso.tools.macosx_11.1.0.201909161352/tools/bin/../lib/gcc/arm-none-eabi/8.3.1/../../../../arm-none-eabi/lib/thumb/v7e-m+fp/hard/libcr_c.a(strlen.o)
 .comment       0x0000000000000076       0x77 /Applications/MCUXpressoIDE_11.1.0_3209/ide/plugins/com.nxp.mcuxpresso.tools.macosx_11.1.0.201909161352/tools/bin/../lib/gcc/arm-none-eabi/8.3.1/../../../../arm-none-eabi/lib/thumb/v7e-m+fp/hard/libcr_c.a(__init_alloc.o)
 .comment       0x0000000000000076       0x77 /Applications/MCUXpressoIDE_11.1.0_3209/ide/plugins/com.nxp.mcuxpresso.tools.macosx_11.1.0.201909161352/tools/bin/../lib/gcc/arm-none-eabi/8.3.1/../../../../arm-none-eabi/lib/thumb/v7e-m+fp/hard/libcr_c.a(_cr_sbrk.o)
 .comment       0x0000000000000076       0x77 /Applications/MCUXpressoIDE_11.1.0_3209/ide/plugins/com.nxp.mcuxpresso.tools.macosx_11.1.0.201909161352/tools/bin/../lib/gcc/arm-none-eabi/8.3.1/../../../../arm-none-eabi/lib/thumb/v7e-m+fp/hard/libcr_c.a(_fdopen.o)
 .comment       0x0000000000000076       0x77 /Applications/MCUXpressoIDE_11.1.0_3209/ide/plugins/com.nxp.mcuxpresso.tools.macosx_11.1.0.201909161352/tools/bin/../lib/gcc/arm-none-eabi/8.3.1/../../../../arm-none-eabi/lib/thumb/v7e-m+fp/hard/libcr_c.a(errno.o)
 .comment       0x0000000000000076       0x77 /Applications/MCUXpressoIDE_11.1.0_3209/ide/plugins/com.nxp.mcuxpresso.tools.macosx_11.1.0.201909161352/tools/bin/../lib/gcc/arm-none-eabi/8.3.1/../../../../arm-none-eabi/lib/thumb/v7e-m+fp/hard/libcr_c.a(fclose.o)
 .comment       0x0000000000000076       0x77 /Applications/MCUXpressoIDE_11.1.0_3209/ide/plugins/com.nxp.mcuxpresso.tools.macosx_11.1.0.201909161352/tools/bin/../lib/gcc/arm-none-eabi/8.3.1/../../../../arm-none-eabi/lib/thumb/v7e-m+fp/hard/libcr_c.a(fflush.o)
 .comment       0x0000000000000076       0x77 /Applications/MCUXpressoIDE_11.1.0_3209/ide/plugins/com.nxp.mcuxpresso.tools.macosx_11.1.0.201909161352/tools/bin/../lib/gcc/arm-none-eabi/8.3.1/../../../../arm-none-eabi/lib/thumb/v7e-m+fp/hard/libcr_c.a(remove.o)
 .comment       0x0000000000000076       0x77 /Applications/MCUXpressoIDE_11.1.0_3209/ide/plugins/com.nxp.mcuxpresso.tools.macosx_11.1.0.201909161352/tools/bin/../lib/gcc/arm-none-eabi/8.3.1/../../../../arm-none-eabi/lib/thumb/v7e-m+fp/hard/libcr_c.a(_cr_check_heap.o)
 .comment       0x0000000000000076       0x77 /Applications/MCUXpressoIDE_11.1.0_3209/ide/plugins/com.nxp.mcuxpresso.tools.macosx_11.1.0.201909161352/tools/bin/../lib/gcc/arm-none-eabi/8.3.1/../../../../arm-none-eabi/lib/thumb/v7e-m+fp/hard/libcr_c.a(_do_fflush.o)

.ARM.attributes
                0x0000000000000000       0x32
 .ARM.attributes
                0x0000000000000000       0x34 ./startup/startup_mk64f12.o
 .ARM.attributes
                0x0000000000000034       0x34 ./source/Output_Toggle_Match.o
 .ARM.attributes
                0x0000000000000068       0x34 ./source/semihost_hardfault.o
 .ARM.attributes
                0x000000000000009c       0x34 ./drivers/fsl_clock.o
 .ARM.attributes
                0x00000000000000d0       0x34 ./drivers/fsl_dspi.o
 .ARM.attributes
                0x0000000000000104       0x34 ./drivers/fsl_i2c.o
 .ARM.attributes
                0x0000000000000138       0x34 ./drivers/fsl_uart.o
 .ARM.attributes
                0x000000000000016c       0x34 ./device/system_MK64F12.o
 .ARM.attributes
                0x00000000000001a0       0x34 ./board/board.o
 .ARM.attributes
                0x00000000000001d4       0x34 ./board/clock_config.o
 .ARM.attributes
                0x0000000000000208       0x34 ./board/peripherals.o
 .ARM.attributes
                0x000000000000023c       0x34 ./board/pin_mux.o
 .ARM.attributes
                0x0000000000000270       0x34 /Applications/MCUXpressoIDE_11.1.0_3209/ide/plugins/com.nxp.mcuxpresso.tools.macosx_11.1.0.201909161352/tools/bin/../lib/gcc/arm-none-eabi/8.3.1/../../../../arm-none-eabi/lib/thumb/v7e-m+fp/hard/libcr_semihost_nf.a(_cr__main.o)
 .ARM.attributes
                0x00000000000002a4       0x34 /Applications/MCUXpressoIDE_11.1.0_3209/ide/plugins/com.nxp.mcuxpresso.tools.macosx_11.1.0.201909161352/tools/bin/../lib/gcc/arm-none-eabi/8.3.1/../../../../arm-none-eabi/lib/thumb/v7e-m+fp/hard/libcr_semihost_nf.a(_cr_assert.o)
 .ARM.attributes
                0x00000000000002d8       0x39 /Applications/MCUXpressoIDE_11.1.0_3209/ide/plugins/com.nxp.mcuxpresso.tools.macosx_11.1.0.201909161352/tools/bin/../lib/gcc/arm-none-eabi/8.3.1/../../../../arm-none-eabi/lib/thumb/v7e-m+fp/hard/libcr_semihost_nf.a(__ciob.o)
 .ARM.attributes
                0x0000000000000311       0x20 /Applications/MCUXpressoIDE_11.1.0_3209/ide/plugins/com.nxp.mcuxpresso.tools.macosx_11.1.0.201909161352/tools/bin/../lib/gcc/arm-none-eabi/8.3.1/../../../../arm-none-eabi/lib/thumb/v7e-m+fp/hard/libcr_semihost_nf.a(__sys_appexit.o)
 .ARM.attributes
                0x0000000000000331       0x34 /Applications/MCUXpressoIDE_11.1.0_3209/ide/plugins/com.nxp.mcuxpresso.tools.macosx_11.1.0.201909161352/tools/bin/../lib/gcc/arm-none-eabi/8.3.1/../../../../arm-none-eabi/lib/thumb/v7e-m+fp/hard/libcr_c.a(memset.o)
 .ARM.attributes
                0x0000000000000365       0x34 /Applications/MCUXpressoIDE_11.1.0_3209/ide/plugins/com.nxp.mcuxpresso.tools.macosx_11.1.0.201909161352/tools/bin/../lib/gcc/arm-none-eabi/8.3.1/../../../../arm-none-eabi/lib/thumb/v7e-m+fp/hard/libcr_c.a(_deferredlazyseek.o)
 .ARM.attributes
                0x0000000000000399       0x34 /Applications/MCUXpressoIDE_11.1.0_3209/ide/plugins/com.nxp.mcuxpresso.tools.macosx_11.1.0.201909161352/tools/bin/../lib/gcc/arm-none-eabi/8.3.1/../../../../arm-none-eabi/lib/thumb/v7e-m+fp/hard/libcr_c.a(_fflush.o)
 .ARM.attributes
                0x00000000000003cd       0x34 /Applications/MCUXpressoIDE_11.1.0_3209/ide/plugins/com.nxp.mcuxpresso.tools.macosx_11.1.0.201909161352/tools/bin/../lib/gcc/arm-none-eabi/8.3.1/../../../../arm-none-eabi/lib/thumb/v7e-m+fp/hard/libcr_c.a(_writebuf.o)
 .ARM.attributes
                0x0000000000000401       0x34 /Applications/MCUXpressoIDE_11.1.0_3209/ide/plugins/com.nxp.mcuxpresso.tools.macosx_11.1.0.201909161352/tools/bin/../lib/gcc/arm-none-eabi/8.3.1/../../../../arm-none-eabi/lib/thumb/v7e-m+fp/hard/libcr_c.a(alloc.o)
 .ARM.attributes
                0x0000000000000435       0x34 /Applications/MCUXpressoIDE_11.1.0_3209/ide/plugins/com.nxp.mcuxpresso.tools.macosx_11.1.0.201909161352/tools/bin/../lib/gcc/arm-none-eabi/8.3.1/../../../../arm-none-eabi/lib/thumb/v7e-m+fp/hard/libcr_c.a(fputs.o)
 .ARM.attributes
                0x0000000000000469       0x34 /Applications/MCUXpressoIDE_11.1.0_3209/ide/plugins/com.nxp.mcuxpresso.tools.macosx_11.1.0.201909161352/tools/bin/../lib/gcc/arm-none-eabi/8.3.1/../../../../arm-none-eabi/lib/thumb/v7e-m+fp/hard/libcr_c.a(fseek.o)
 .ARM.attributes
                0x000000000000049d       0x34 /Applications/MCUXpressoIDE_11.1.0_3209/ide/plugins/com.nxp.mcuxpresso.tools.macosx_11.1.0.201909161352/tools/bin/../lib/gcc/arm-none-eabi/8.3.1/../../../../arm-none-eabi/lib/thumb/v7e-m+fp/hard/libcr_c.a(ftell.o)
 .ARM.attributes
                0x00000000000004d1       0x34 /Applications/MCUXpressoIDE_11.1.0_3209/ide/plugins/com.nxp.mcuxpresso.tools.macosx_11.1.0.201909161352/tools/bin/../lib/gcc/arm-none-eabi/8.3.1/../../../../arm-none-eabi/lib/thumb/v7e-m+fp/hard/libcr_c.a(initio.o)
 .ARM.attributes
                0x0000000000000505       0x34 /Applications/MCUXpressoIDE_11.1.0_3209/ide/plugins/com.nxp.mcuxpresso.tools.macosx_11.1.0.201909161352/tools/bin/../lib/gcc/arm-none-eabi/8.3.1/../../../../arm-none-eabi/lib/thumb/v7e-m+fp/hard/libcr_c.a(printf.o)
 .ARM.attributes
                0x0000000000000539       0x34 /Applications/MCUXpressoIDE_11.1.0_3209/ide/plugins/com.nxp.mcuxpresso.tools.macosx_11.1.0.201909161352/tools/bin/../lib/gcc/arm-none-eabi/8.3.1/../../../../arm-none-eabi/lib/thumb/v7e-m+fp/hard/libcr_c.a(setvbuf.o)
 .ARM.attributes
                0x000000000000056d       0x34 /Applications/MCUXpressoIDE_11.1.0_3209/ide/plugins/com.nxp.mcuxpresso.tools.macosx_11.1.0.201909161352/tools/bin/../lib/gcc/arm-none-eabi/8.3.1/../../../../arm-none-eabi/lib/thumb/v7e-m+fp/hard/libcr_c.a(strlen.o)
 .ARM.attributes
                0x00000000000005a1       0x34 /Applications/MCUXpressoIDE_11.1.0_3209/ide/plugins/com.nxp.mcuxpresso.tools.macosx_11.1.0.201909161352/tools/bin/../lib/gcc/arm-none-eabi/8.3.1/../../../../arm-none-eabi/lib/thumb/v7e-m+fp/hard/libcr_c.a(__init_alloc.o)
 .ARM.attributes
                0x00000000000005d5       0x34 /Applications/MCUXpressoIDE_11.1.0_3209/ide/plugins/com.nxp.mcuxpresso.tools.macosx_11.1.0.201909161352/tools/bin/../lib/gcc/arm-none-eabi/8.3.1/../../../../arm-none-eabi/lib/thumb/v7e-m+fp/hard/libcr_c.a(_cr_sbrk.o)
 .ARM.attributes
                0x0000000000000609       0x34 /Applications/MCUXpressoIDE_11.1.0_3209/ide/plugins/com.nxp.mcuxpresso.tools.macosx_11.1.0.201909161352/tools/bin/../lib/gcc/arm-none-eabi/8.3.1/../../../../arm-none-eabi/lib/thumb/v7e-m+fp/hard/libcr_c.a(_fdopen.o)
 .ARM.attributes
                0x000000000000063d       0x39 /Applications/MCUXpressoIDE_11.1.0_3209/ide/plugins/com.nxp.mcuxpresso.tools.macosx_11.1.0.201909161352/tools/bin/../lib/gcc/arm-none-eabi/8.3.1/../../../../arm-none-eabi/lib/thumb/v7e-m+fp/hard/libcr_c.a(errno.o)
 .ARM.attributes
                0x0000000000000676       0x34 /Applications/MCUXpressoIDE_11.1.0_3209/ide/plugins/com.nxp.mcuxpresso.tools.macosx_11.1.0.201909161352/tools/bin/../lib/gcc/arm-none-eabi/8.3.1/../../../../arm-none-eabi/lib/thumb/v7e-m+fp/hard/libcr_c.a(fclose.o)
 .ARM.attributes
                0x00000000000006aa       0x34 /Applications/MCUXpressoIDE_11.1.0_3209/ide/plugins/com.nxp.mcuxpresso.tools.macosx_11.1.0.201909161352/tools/bin/../lib/gcc/arm-none-eabi/8.3.1/../../../../arm-none-eabi/lib/thumb/v7e-m+fp/hard/libcr_c.a(fflush.o)
 .ARM.attributes
                0x00000000000006de       0x34 /Applications/MCUXpressoIDE_11.1.0_3209/ide/plugins/com.nxp.mcuxpresso.tools.macosx_11.1.0.201909161352/tools/bin/../lib/gcc/arm-none-eabi/8.3.1/../../../../arm-none-eabi/lib/thumb/v7e-m+fp/hard/libcr_c.a(remove.o)
 .ARM.attributes
                0x0000000000000712       0x34 /Applications/MCUXpressoIDE_11.1.0_3209/ide/plugins/com.nxp.mcuxpresso.tools.macosx_11.1.0.201909161352/tools/bin/../lib/gcc/arm-none-eabi/8.3.1/../../../../arm-none-eabi/lib/thumb/v7e-m+fp/hard/libcr_c.a(_cr_check_heap.o)
 .ARM.attributes
                0x0000000000000746       0x34 /Applications/MCUXpressoIDE_11.1.0_3209/ide/plugins/com.nxp.mcuxpresso.tools.macosx_11.1.0.201909161352/tools/bin/../lib/gcc/arm-none-eabi/8.3.1/../../../../arm-none-eabi/lib/thumb/v7e-m+fp/hard/libcr_c.a(_do_fflush.o)
 .ARM.attributes
                0x000000000000077a       0x20 /Applications/MCUXpressoIDE_11.1.0_3209/ide/plugins/com.nxp.mcuxpresso.tools.macosx_11.1.0.201909161352/tools/bin/../lib/gcc/arm-none-eabi/8.3.1/thumb/v7e-m+fp/hard/libcr_eabihelpers.a(memcpy.o)
 .ARM.attributes
                0x000000000000079a       0x20 /Applications/MCUXpressoIDE_11.1.0_3209/ide/plugins/com.nxp.mcuxpresso.tools.macosx_11.1.0.201909161352/tools/bin/../lib/gcc/arm-none-eabi/8.3.1/../../../../arm-none-eabi/lib/thumb/v7e-m+fp/hard/libcr_semihost_nf.a(__sys_close.o)
 .ARM.attributes
                0x00000000000007ba       0x20 /Applications/MCUXpressoIDE_11.1.0_3209/ide/plugins/com.nxp.mcuxpresso.tools.macosx_11.1.0.201909161352/tools/bin/../lib/gcc/arm-none-eabi/8.3.1/../../../../arm-none-eabi/lib/thumb/v7e-m+fp/hard/libcr_semihost_nf.a(__sys_flen.o)
 .ARM.attributes
                0x00000000000007da       0x20 /Applications/MCUXpressoIDE_11.1.0_3209/ide/plugins/com.nxp.mcuxpresso.tools.macosx_11.1.0.201909161352/tools/bin/../lib/gcc/arm-none-eabi/8.3.1/../../../../arm-none-eabi/lib/thumb/v7e-m+fp/hard/libcr_semihost_nf.a(__sys_istty.o)
 .ARM.attributes
                0x00000000000007fa       0x20 /Applications/MCUXpressoIDE_11.1.0_3209/ide/plugins/com.nxp.mcuxpresso.tools.macosx_11.1.0.201909161352/tools/bin/../lib/gcc/arm-none-eabi/8.3.1/../../../../arm-none-eabi/lib/thumb/v7e-m+fp/hard/libcr_semihost_nf.a(__sys_remove.o)
 .ARM.attributes
                0x000000000000081a       0x20 /Applications/MCUXpressoIDE_11.1.0_3209/ide/plugins/com.nxp.mcuxpresso.tools.macosx_11.1.0.201909161352/tools/bin/../lib/gcc/arm-none-eabi/8.3.1/../../../../arm-none-eabi/lib/thumb/v7e-m+fp/hard/libcr_semihost_nf.a(__sys_seek.o)
 .ARM.attributes
                0x000000000000083a       0x20 /Applications/MCUXpressoIDE_11.1.0_3209/ide/plugins/com.nxp.mcuxpresso.tools.macosx_11.1.0.201909161352/tools/bin/../lib/gcc/arm-none-eabi/8.3.1/../../../../arm-none-eabi/lib/thumb/v7e-m+fp/hard/libcr_semihost_nf.a(__sys_tmpnam.o)
 .ARM.attributes
                0x000000000000085a       0x20 /Applications/MCUXpressoIDE_11.1.0_3209/ide/plugins/com.nxp.mcuxpresso.tools.macosx_11.1.0.201909161352/tools/bin/../lib/gcc/arm-none-eabi/8.3.1/../../../../arm-none-eabi/lib/thumb/v7e-m+fp/hard/libcr_semihost_nf.a(__sys_write.o)

.debug_frame    0x0000000000000000     0x2be4
 .debug_frame   0x0000000000000000      0x904 ./startup/startup_mk64f12.o
 .debug_frame   0x0000000000000904       0x2c ./source/Output_Toggle_Match.o
 .debug_frame   0x0000000000000930       0x20 ./source/semihost_hardfault.o
 .debug_frame   0x0000000000000950      0x890 ./drivers/fsl_clock.o
 .debug_frame   0x00000000000011e0      0x834 ./drivers/fsl_dspi.o
 .debug_frame   0x0000000000001a14      0x694 ./drivers/fsl_i2c.o
 .debug_frame   0x00000000000020a8      0x63c ./drivers/fsl_uart.o
 .debug_frame   0x00000000000026e4       0x74 ./device/system_MK64F12.o
 .debug_frame   0x0000000000002758       0x5c ./board/board.o
 .debug_frame   0x00000000000027b4      0x1ec ./board/clock_config.o
 .debug_frame   0x00000000000029a0       0x4c ./board/peripherals.o
 .debug_frame   0x00000000000029ec      0x1f8 ./board/pin_mux.o

Cross Reference Table

Symbol                                            File
ADC0_DriverIRQHandler                             ./startup/startup_mk64f12.o
ADC0_IRQHandler                                   ./startup/startup_mk64f12.o
ADC16_ClearStatusFlags                            ./drivers/fsl_adc16.o
ADC16_Deinit                                      ./drivers/fsl_adc16.o
ADC16_DoAutoCalibration                           ./drivers/fsl_adc16.o
ADC16_GetChannelStatusFlags                       ./drivers/fsl_adc16.o
ADC16_GetDefaultConfig                            ./drivers/fsl_adc16.o
ADC16_GetStatusFlags                              ./drivers/fsl_adc16.o
ADC16_Init                                        ./drivers/fsl_adc16.o
ADC16_SetChannelConfig                            ./drivers/fsl_adc16.o
ADC16_SetChannelMuxMode                           ./drivers/fsl_adc16.o
ADC16_SetHardwareAverage                          ./drivers/fsl_adc16.o
ADC16_SetHardwareCompareConfig                    ./drivers/fsl_adc16.o
ADC1_DriverIRQHandler                             ./startup/startup_mk64f12.o
ADC1_IRQHandler                                   ./startup/startup_mk64f12.o
BOARD_BootClockRUN                                ./board/clock_config.o
BOARD_BootClockVLPR                               ./board/clock_config.o
BOARD_InitACCELPins                               ./board/pin_mux.o
BOARD_InitBootClocks                              ./board/clock_config.o
                                                  ./source/Output_Toggle_Match.o
BOARD_InitBootPeripherals                         ./board/peripherals.o
                                                  ./source/Output_Toggle_Match.o
BOARD_InitBootPins                                ./board/pin_mux.o
                                                  ./source/Output_Toggle_Match.o
BOARD_InitButtonsPins                             ./board/pin_mux.o
BOARD_InitDEBUG_UARTPins                          ./board/pin_mux.o
BOARD_InitDebugConsole                            ./board/board.o
                                                  ./source/Output_Toggle_Match.o
BOARD_InitENETPins                                ./board/pin_mux.o
BOARD_InitLEDsPins                                ./board/pin_mux.o
BOARD_InitOSCPins                                 ./board/pin_mux.o
BOARD_InitPeripherals                             ./board/peripherals.o
BOARD_InitPins                                    ./board/pin_mux.o
BOARD_InitSDHCPins                                ./board/pin_mux.o
BOARD_InitUSBPins                                 ./board/pin_mux.o
BusFault_Handler                                  ./startup/startup_mk64f12.o
CAN0_Bus_Off_IRQHandler                           ./startup/startup_mk64f12.o
CAN0_DriverIRQHandler                             ./startup/startup_mk64f12.o
CAN0_Error_IRQHandler                             ./startup/startup_mk64f12.o
CAN0_ORed_Message_buffer_IRQHandler               ./startup/startup_mk64f12.o
CAN0_Rx_Warning_IRQHandler                        ./startup/startup_mk64f12.o
CAN0_Tx_Warning_IRQHandler                        ./startup/startup_mk64f12.o
CAN0_Wake_Up_IRQHandler                           ./startup/startup_mk64f12.o
CLOCK_BootToBlpeMode                              ./drivers/fsl_clock.o
CLOCK_BootToBlpiMode                              ./drivers/fsl_clock.o
                                                  ./board/clock_config.o
CLOCK_BootToFeeMode                               ./drivers/fsl_clock.o
CLOCK_BootToFeiMode                               ./drivers/fsl_clock.o
CLOCK_BootToPeeMode                               ./drivers/fsl_clock.o
                                                  ./board/clock_config.o
CLOCK_CalcPllDiv                                  ./drivers/fsl_clock.o
CLOCK_ClearStatusFlags                            ./drivers/fsl_clock.o
CLOCK_DeinitOsc0                                  ./drivers/fsl_clock.o
CLOCK_EnablePll0                                  ./drivers/fsl_clock.o
CLOCK_EnableUsbfs0Clock                           ./drivers/fsl_clock.o
                                                  ./board/clock_config.o